Archive member included to satisfy reference by file (symbol)

c:/program files (x86)/atollic/truestudio for stm32 9.3.0/armtools/bin/../lib/gcc/arm-atollic-eabi/6.3.1/../../../../arm-atollic-eabi/lib/armv7e-m/fpu/fpv5-d16\libc.a(lib_a-errno.o)
                              Src\syscalls.o (__errno)
c:/program files (x86)/atollic/truestudio for stm32 9.3.0/armtools/bin/../lib/gcc/arm-atollic-eabi/6.3.1/../../../../arm-atollic-eabi/lib/armv7e-m/fpu/fpv5-d16\libc.a(lib_a-impure.o)
                              c:/program files (x86)/atollic/truestudio for stm32 9.3.0/armtools/bin/../lib/gcc/arm-atollic-eabi/6.3.1/../../../../arm-atollic-eabi/lib/armv7e-m/fpu/fpv5-d16\libc.a(lib_a-errno.o) (_impure_ptr)
c:/program files (x86)/atollic/truestudio for stm32 9.3.0/armtools/bin/../lib/gcc/arm-atollic-eabi/6.3.1/../../../../arm-atollic-eabi/lib/armv7e-m/fpu/fpv5-d16\libc.a(lib_a-init.o)
                              startup\startup_stm32f769xx.o (__libc_init_array)
c:/program files (x86)/atollic/truestudio for stm32 9.3.0/armtools/bin/../lib/gcc/arm-atollic-eabi/6.3.1/../../../../arm-atollic-eabi/lib/armv7e-m/fpu/fpv5-d16\libc.a(lib_a-memset.o)
                              Src\adc.o (memset)
c:/program files (x86)/atollic/truestudio for stm32 9.3.0/armtools/bin/../lib/gcc/arm-atollic-eabi/6.3.1/../../../../arm-atollic-eabi/lib/armv7e-m/fpu/fpv5-d16\libc.a(lib_a-sprintf.o)
                              Src\lcd.o (sprintf)
c:/program files (x86)/atollic/truestudio for stm32 9.3.0/armtools/bin/../lib/gcc/arm-atollic-eabi/6.3.1/../../../../arm-atollic-eabi/lib/armv7e-m/fpu/fpv5-d16\libc.a(lib_a-svfprintf.o)
                              c:/program files (x86)/atollic/truestudio for stm32 9.3.0/armtools/bin/../lib/gcc/arm-atollic-eabi/6.3.1/../../../../arm-atollic-eabi/lib/armv7e-m/fpu/fpv5-d16\libc.a(lib_a-sprintf.o) (_svfprintf_r)
c:/program files (x86)/atollic/truestudio for stm32 9.3.0/armtools/bin/../lib/gcc/arm-atollic-eabi/6.3.1/../../../../arm-atollic-eabi/lib/armv7e-m/fpu/fpv5-d16\libc.a(lib_a-dtoa.o)
                              c:/program files (x86)/atollic/truestudio for stm32 9.3.0/armtools/bin/../lib/gcc/arm-atollic-eabi/6.3.1/../../../../arm-atollic-eabi/lib/armv7e-m/fpu/fpv5-d16\libc.a(lib_a-svfprintf.o) (_dtoa_r)
c:/program files (x86)/atollic/truestudio for stm32 9.3.0/armtools/bin/../lib/gcc/arm-atollic-eabi/6.3.1/../../../../arm-atollic-eabi/lib/armv7e-m/fpu/fpv5-d16\libc.a(lib_a-localeconv.o)
                              c:/program files (x86)/atollic/truestudio for stm32 9.3.0/armtools/bin/../lib/gcc/arm-atollic-eabi/6.3.1/../../../../arm-atollic-eabi/lib/armv7e-m/fpu/fpv5-d16\libc.a(lib_a-svfprintf.o) (_localeconv_r)
c:/program files (x86)/atollic/truestudio for stm32 9.3.0/armtools/bin/../lib/gcc/arm-atollic-eabi/6.3.1/../../../../arm-atollic-eabi/lib/armv7e-m/fpu/fpv5-d16\libc.a(lib_a-malloc.o)
                              c:/program files (x86)/atollic/truestudio for stm32 9.3.0/armtools/bin/../lib/gcc/arm-atollic-eabi/6.3.1/../../../../arm-atollic-eabi/lib/armv7e-m/fpu/fpv5-d16\libc.a(lib_a-dtoa.o) (malloc)
c:/program files (x86)/atollic/truestudio for stm32 9.3.0/armtools/bin/../lib/gcc/arm-atollic-eabi/6.3.1/../../../../arm-atollic-eabi/lib/armv7e-m/fpu/fpv5-d16\libc.a(lib_a-mallocr.o)
                              c:/program files (x86)/atollic/truestudio for stm32 9.3.0/armtools/bin/../lib/gcc/arm-atollic-eabi/6.3.1/../../../../arm-atollic-eabi/lib/armv7e-m/fpu/fpv5-d16\libc.a(lib_a-svfprintf.o) (_malloc_r)
c:/program files (x86)/atollic/truestudio for stm32 9.3.0/armtools/bin/../lib/gcc/arm-atollic-eabi/6.3.1/../../../../arm-atollic-eabi/lib/armv7e-m/fpu/fpv5-d16\libc.a(lib_a-memchr.o)
                              c:/program files (x86)/atollic/truestudio for stm32 9.3.0/armtools/bin/../lib/gcc/arm-atollic-eabi/6.3.1/../../../../arm-atollic-eabi/lib/armv7e-m/fpu/fpv5-d16\libc.a(lib_a-svfprintf.o) (memchr)
c:/program files (x86)/atollic/truestudio for stm32 9.3.0/armtools/bin/../lib/gcc/arm-atollic-eabi/6.3.1/../../../../arm-atollic-eabi/lib/armv7e-m/fpu/fpv5-d16\libc.a(lib_a-memcpy-stub.o)
                              c:/program files (x86)/atollic/truestudio for stm32 9.3.0/armtools/bin/../lib/gcc/arm-atollic-eabi/6.3.1/../../../../arm-atollic-eabi/lib/armv7e-m/fpu/fpv5-d16\libc.a(lib_a-dtoa.o) (memcpy)
c:/program files (x86)/atollic/truestudio for stm32 9.3.0/armtools/bin/../lib/gcc/arm-atollic-eabi/6.3.1/../../../../arm-atollic-eabi/lib/armv7e-m/fpu/fpv5-d16\libc.a(lib_a-mlock.o)
                              c:/program files (x86)/atollic/truestudio for stm32 9.3.0/armtools/bin/../lib/gcc/arm-atollic-eabi/6.3.1/../../../../arm-atollic-eabi/lib/armv7e-m/fpu/fpv5-d16\libc.a(lib_a-mallocr.o) (__malloc_lock)
c:/program files (x86)/atollic/truestudio for stm32 9.3.0/armtools/bin/../lib/gcc/arm-atollic-eabi/6.3.1/../../../../arm-atollic-eabi/lib/armv7e-m/fpu/fpv5-d16\libc.a(lib_a-mprec.o)
[...]
Memory Configuration

Name             Origin             Length             Attributes
RAM              0x20000000         0x00080000         xrw
FLASH            0x08000000         0x00200000         xr
*default*        0x00000000         0xffffffff

Linker script and memory map

LOAD c:/program files (x86)/atollic/truestudio for stm32 9.3.0/armtools/bin/../lib/gcc/arm-atollic-eabi/6.3.1/armv7e-m/fpu/fpv5-d16/crti.o
LOAD c:/program files (x86)/atollic/truestudio for stm32 9.3.0/armtools/bin/../lib/gcc/arm-atollic-eabi/6.3.1/armv7e-m/fpu/fpv5-d16/crtbegin.o
LOAD Drivers\BSP\Components\adv7533\adv7533.o
LOAD Drivers\BSP\Components\ft6x06\ft6x06.o
LOAD Drivers\BSP\Components\otm8009a\otm8009a.o
LOAD Drivers\BSP\STM32F769I-Discovery\stm32f769i_discovery.o
LOAD Drivers\BSP\STM32F769I-Discovery\stm32f769i_discovery_lcd.o
LOAD Drivers\BSP\STM32F769I-Discovery\stm32f769i_discovery_sdram.o
LOAD Drivers\BSP\STM32F769I-Discovery\stm32f769i_discovery_ts.o
LOAD Drivers\STM32F7xx_HAL_Driver\Src\stm32f7xx_hal.o
LOAD Drivers\STM32F7xx_HAL_Driver\Src\stm32f7xx_hal_adc.o
LOAD Drivers\STM32F7xx_HAL_Driver\Src\stm32f7xx_hal_adc_ex.o
LOAD Drivers\STM32F7xx_HAL_Driver\Src\stm32f7xx_hal_cortex.o
LOAD Drivers\STM32F7xx_HAL_Driver\Src\stm32f7xx_hal_dma.o
LOAD Drivers\STM32F7xx_HAL_Driver\Src\stm32f7xx_hal_dma2d.o
LOAD Drivers\STM32F7xx_HAL_Driver\Src\stm32f7xx_hal_dma_ex.o
LOAD Drivers\STM32F7xx_HAL_Driver\Src\stm32f7xx_hal_dsi.o
LOAD Drivers\STM32F7xx_HAL_Driver\Src\stm32f7xx_hal_exti.o
LOAD Drivers\STM32F7xx_HAL_Driver\Src\stm32f7xx_hal_flash.o
LOAD Drivers\STM32F7xx_HAL_Driver\Src\stm32f7xx_hal_flash_ex.o
LOAD Drivers\STM32F7xx_HAL_Driver\Src\stm32f7xx_hal_gpio.o
LOAD Drivers\STM32F7xx_HAL_Driver\Src\stm32f7xx_hal_i2c.o
LOAD Drivers\STM32F7xx_HAL_Driver\Src\stm32f7xx_hal_i2c_ex.o
LOAD Drivers\STM32F7xx_HAL_Driver\Src\stm32f7xx_hal_ltdc.o
LOAD Drivers\STM32F7xx_HAL_Driver\Src\stm32f7xx_hal_ltdc_ex.o
LOAD Drivers\STM32F7xx_HAL_Driver\Src\stm32f7xx_hal_pwr.o
LOAD Drivers\STM32F7xx_HAL_Driver\Src\stm32f7xx_hal_pwr_ex.o
LOAD Drivers\STM32F7xx_HAL_Driver\Src\stm32f7xx_hal_rcc.o
LOAD Drivers\STM32F7xx_HAL_Driver\Src\stm32f7xx_hal_rcc_ex.o
LOAD Drivers\STM32F7xx_HAL_Driver\Src\stm32f7xx_hal_sdram.o
LOAD Drivers\STM32F7xx_HAL_Driver\Src\stm32f7xx_hal_tim.o
LOAD Drivers\STM32F7xx_HAL_Driver\Src\stm32f7xx_hal_tim_ex.o
LOAD Drivers\STM32F7xx_HAL_Driver\Src\stm32f7xx_hal_uart.o
LOAD Drivers\STM32F7xx_HAL_Driver\Src\stm32f7xx_ll_fmc.o
LOAD Src\adc.o
LOAD Src\boost_converter.o
LOAD Src\dma.o
LOAD Src\gpio.o
LOAD Src\lcd.o
LOAD Src\main.o
LOAD Src\stepper.o
LOAD Src\stm32f7xx_hal_msp.o
LOAD Src\stm32f7xx_it.o
LOAD Src\syscalls.o
LOAD Src\system_stm32f7xx.o
LOAD Src\tim.o
LOAD startup\startup_stm32f769xx.o
                0x00000080                malloc_getpagesize_P = 0x80
START GROUP
LOAD c:/program files (x86)/atollic/truestudio for stm32 9.3.0/armtools/bin/../lib/gcc/arm-atollic-eabi/6.3.1/../../../../arm-atollic-eabi/lib/armv7e-m/fpu/fpv5-d16\libc.a
LOAD c:/program files (x86)/atollic/truestudio for stm32 9.3.0/armtools/bin/../lib/gcc/arm-atollic-eabi/6.3.1/../../../../arm-atollic-eabi/lib/armv7e-m/fpu/fpv5-d16\libm.a
END GROUP
START GROUP
LOAD c:/program files (x86)/atollic/truestudio for stm32 9.3.0/armtools/bin/../lib/gcc/arm-atollic-eabi/6.3.1/armv7e-m/fpu/fpv5-d16\libgcc.a
LOAD c:/program files (x86)/atollic/truestudio for stm32 9.3.0/armtools/bin/../lib/gcc/arm-atollic-eabi/6.3.1/../../../../arm-atollic-eabi/lib/armv7e-m/fpu/fpv5-d16\libc.a
END GROUP
START GROUP
LOAD c:/program files (x86)/atollic/truestudio for stm32 9.3.0/armtools/bin/../lib/gcc/arm-atollic-eabi/6.3.1/armv7e-m/fpu/fpv5-d16\libgcc.a
LOAD c:/program files (x86)/atollic/truestudio for stm32 9.3.0/armtools/bin/../lib/gcc/arm-atollic-eabi/6.3.1/../../../../arm-atollic-eabi/lib/armv7e-m/fpu/fpv5-d16\libc.a
LOAD c:/program files (x86)/atollic/truestudio for stm32 9.3.0/armtools/bin/../lib/gcc/arm-atollic-eabi/6.3.1/../../../../arm-atollic-eabi/lib/armv7e-m/fpu/fpv5-d16\libnosys.a
END GROUP
LOAD c:/program files (x86)/atollic/truestudio for stm32 9.3.0/armtools/bin/../lib/gcc/arm-atollic-eabi/6.3.1/armv7e-m/fpu/fpv5-d16/crtend.o
LOAD c:/program files (x86)/atollic/truestudio for stm32 9.3.0/armtools/bin/../lib/gcc/arm-atollic-eabi/6.3.1/armv7e-m/fpu/fpv5-d16/crtn.o
                0x20080000                _estack = 0x20080000
                0x00000200                _Min_Heap_Size = 0x200
                0x00000400                _Min_Stack_Size = 0x400

.isr_vector     0x08000000      0x1f8
                0x08000000                . = ALIGN (0x4)
 *(.isr_vector)
 .isr_vector    0x08000000      0x1f8 startup\startup_stm32f769xx.o
                0x08000000                g_pfnVectors
                0x080001f8                . = ALIGN (0x4)

.text           0x08000200     0x8aa4
                0x08000200                . = ALIGN (0x4)
 *(.text)
 .text          0x08000200       0x40 c:/program files (x86)/atollic/truestudio for stm32 9.3.0/armtools/bin/../lib/gcc/arm-atollic-eabi/6.3.1/armv7e-m/fpu/fpv5-d16/crtbegin.o
 .text          0x08000240       0xa0 c:/program files (x86)/atollic/truestudio for stm32 9.3.0/armtools/bin/../lib/gcc/arm-atollic-eabi/6.3.1/../../../../arm-atollic-eabi/lib/armv7e-m/fpu/fpv5-d16\libc.a(lib_a-memchr.o)
                0x08000240                memchr
 .text          0x080002e0       0x10 c:/program files (x86)/atollic/truestudio for stm32 9.3.0/armtools/bin/../lib/gcc/arm-atollic-eabi/6.3.1/../../../../arm-atollic-eabi/lib/armv7e-m/fpu/fpv5-d16\libc.a(lib_a-strlen.o)
                0x080002e0                strlen
 .text          0x080002f0       0x30 c:/program files (x86)/atollic/truestudio for stm32 9.3.0/armtools/bin/../lib/gcc/arm-atollic-eabi/6.3.1/armv7e-m/fpu/fpv5-d16\libgcc.a(_aeabi_uldivmod.o)
                0x080002f0                __aeabi_uldivmod
 .text          0x08000320      0x2dc c:/program files (x86)/atollic/truestudio for stm32 9.3.0/armtools/bin/../lib/gcc/arm-atollic-eabi/6.3.1/armv7e-m/fpu/fpv5-d16\libgcc.a(_udivmoddi4.o)
                0x08000320                __udivmoddi4
 .text          0x080005fc        0x4 c:/program files (x86)/atollic/truestudio for stm32 9.3.0/armtools/bin/../lib/gcc/arm-atollic-eabi/6.3.1/armv7e-m/fpu/fpv5-d16\libgcc.a(_dvmd_tls.o)
                0x080005fc                __aeabi_idiv0
                0x080005fc                __aeabi_ldiv0
 *(.text*)
 .text.ft6x06_TS_ITStatus
                0x08000600        0x4 Drivers\BSP\Components\ft6x06\ft6x06.o
                0x08000600                ft6x06_TS_ITStatus
 .text.ft6x06_TS_ClearIT
                0x08000604        0x2 Drivers\BSP\Components\ft6x06\ft6x06.o
                0x08000604                ft6x06_TS_ClearIT
 .text.ft6x06_ReadID
                0x08000606       0x12 Drivers\BSP\Components\ft6x06\ft6x06.o
                0x08000606                ft6x06_ReadID
 .text.ft6x06_TS_DetectTouch
                0x08000618       0x44 Drivers\BSP\Components\ft6x06\ft6x06.o
                0x08000618                ft6x06_TS_DetectTouch
 .text.ft6x06_TS_GetXY
                0x0800065c       0x5c Drivers\BSP\Components\ft6x06\ft6x06.o
                0x0800065c                ft6x06_TS_GetXY
 .text.ft6x06_TS_EnableIT
                0x080006b8        0xa Drivers\BSP\Components\ft6x06\ft6x06.o
                0x080006b8                ft6x06_TS_EnableIT
 .text.ft6x06_TS_DisableIT
                0x080006c2        0xa Drivers\BSP\Components\ft6x06\ft6x06.o
                0x080006c2                ft6x06_TS_DisableIT
 .text.ft6x06_TS_Start
                0x080006cc        0x4 Drivers\BSP\Components\ft6x06\ft6x06.o
                0x080006cc                ft6x06_TS_Start
 .text.ft6x06_Reset
                0x080006d0        0x2 Drivers\BSP\Components\ft6x06\ft6x06.o
                0x080006d0                ft6x06_Reset
 *fill*         0x080006d2        0x2 
 .text.ft6x06_Init
                0x080006d4       0x28 Drivers\BSP\Components\ft6x06\ft6x06.o
                0x080006d4                ft6x06_Init
 .text.OTM8009A_Init
                0x080006fc      0x498 Drivers\BSP\Components\otm8009a\otm8009a.o
                0x080006fc                OTM8009A_Init
 .text.I2Cx_Init
                0x08000b94      0x168 Drivers\BSP\STM32F769I-Discovery\stm32f769i_discovery.o
 .text.I2Cx_WriteMultiple
                0x08000cfc       0x30 Drivers\BSP\STM32F769I-Discovery\stm32f769i_discovery.o
 .text.I2Cx_ReadMultiple
                0x08000d2c       0x30 Drivers\BSP\STM32F769I-Discovery\stm32f769i_discovery.o
 .text.TS_IO_ReadMultiple
                0x08000d5c       0x1c Drivers\BSP\STM32F769I-Discovery\stm32f769i_discovery.o
                0x08000d5c                TS_IO_ReadMultiple
 .text.OTM8009A_IO_Delay
                0x08000d78        0x4 Drivers\BSP\STM32F769I-Discovery\stm32f769i_discovery.o
                0x08000d78                OTM8009A_IO_Delay
 .text.HDMI_IO_Init
                0x08000d7c        0xc Drivers\BSP\STM32F769I-Discovery\stm32f769i_discovery.o
                0x08000d7c                HDMI_IO_Init
 .text.TS_IO_Init
                0x08000d88        0x4 Drivers\BSP\STM32F769I-Discovery\stm32f769i_discovery.o
                0x08000d88                TS_IO_Init
 .text.HDMI_IO_Write
                0x08000d8c       0x20 Drivers\BSP\STM32F769I-Discovery\stm32f769i_discovery.o
                0x08000d8c                HDMI_IO_Write
 .text.TS_IO_Write
                0x08000dac        0x4 Drivers\BSP\STM32F769I-Discovery\stm32f769i_discovery.o
                0x08000dac                TS_IO_Write
 .text.HDMI_IO_Read
                0x08000db0       0x28 Drivers\BSP\STM32F769I-Discovery\stm32f769i_discovery.o
                0x08000db0                HDMI_IO_Read
 .text.TS_IO_Read
                0x08000dd8        0x4 Drivers\BSP\STM32F769I-Discovery\stm32f769i_discovery.o
                0x08000dd8                TS_IO_Read
 .text.LL_FillBuffer
                0x08000ddc       0x64 Drivers\BSP\STM32F769I-Discovery\stm32f769i_discovery_lcd.o
 .text.BSP_LCD_Reset
                0x08000e40       0x60 Drivers\BSP\STM32F769I-Discovery\stm32f769i_discovery_lcd.o
                0x08000e40                BSP_LCD_Reset
 .text.BSP_LCD_GetXSize
                0x08000ea0        0xc Drivers\BSP\STM32F769I-Discovery\stm32f769i_discovery_lcd.o
                0x08000ea0                BSP_LCD_GetXSize
 .text.BSP_LCD_GetYSize
                0x08000eac        0xc Drivers\BSP\STM32F769I-Discovery\stm32f769i_discovery_lcd.o
                0x08000eac                BSP_LCD_GetYSize
 .text.BSP_LCD_LayerDefaultInit
                0x08000eb8       0x78 Drivers\BSP\STM32F769I-Discovery\stm32f769i_discovery_lcd.o
                0x08000eb8                BSP_LCD_LayerDefaultInit
 .text.BSP_LCD_SetTextColor
                0x08000f30       0x18 Drivers\BSP\STM32F769I-Discovery\stm32f769i_discovery_lcd.o
                0x08000f30                BSP_LCD_SetTextColor
 .text.BSP_LCD_SetBackColor
                0x08000f48       0x18 Drivers\BSP\STM32F769I-Discovery\stm32f769i_discovery_lcd.o
                0x08000f48                BSP_LCD_SetBackColor
 .text.BSP_LCD_SetFont
                0x08000f60       0x18 Drivers\BSP\STM32F769I-Discovery\stm32f769i_discovery_lcd.o
                0x08000f60                BSP_LCD_SetFont
 .text.BSP_LCD_Clear
                0x08000f78       0x38 Drivers\BSP\STM32F769I-Discovery\stm32f769i_discovery_lcd.o
                0x08000f78                BSP_LCD_Clear
 .text.BSP_LCD_FillRect
                0x08000fb0       0x44 Drivers\BSP\STM32F769I-Discovery\stm32f769i_discovery_lcd.o
                0x08000fb0                BSP_LCD_FillRect
 .text.DSI_IO_WriteCmd
                0x08000ff4       0x34 Drivers\BSP\STM32F769I-Discovery\stm32f769i_discovery_lcd.o
                0x08000ff4                DSI_IO_WriteCmd
 .text.BSP_LCD_MspInit
                0x08001028       0xa4 Drivers\BSP\STM32F769I-Discovery\stm32f769i_discovery_lcd.o
                0x08001028                BSP_LCD_MspInit
 .text.BSP_LCD_InitEx
                0x080010cc      0x19c Drivers\BSP\STM32F769I-Discovery\stm32f769i_discovery_lcd.o
                0x080010cc                BSP_LCD_InitEx
 .text.BSP_LCD_DrawPixel
                0x08001268       0x2c Drivers\BSP\STM32F769I-Discovery\stm32f769i_discovery_lcd.o
                0x08001268                BSP_LCD_DrawPixel
 .text.BSP_LCD_DisplayChar
                0x08001294       0xcc Drivers\BSP\STM32F769I-Discovery\stm32f769i_discovery_lcd.o
                0x08001294                BSP_LCD_DisplayChar
 .text.BSP_LCD_DisplayStringAt
                0x08001360       0x98 Drivers\BSP\STM32F769I-Discovery\stm32f769i_discovery_lcd.o
                0x08001360                BSP_LCD_DisplayStringAt
 .text.BSP_SDRAM_Initialization_sequence
                0x080013f8       0x98 Drivers\BSP\STM32F769I-Discovery\stm32f769i_discovery_sdram.o
                0x080013f8                BSP_SDRAM_Initialization_sequence
 .text.BSP_SDRAM_MspInit
                0x08001490      0x180 Drivers\BSP\STM32F769I-Discovery\stm32f769i_discovery_sdram.o
                0x08001490                BSP_SDRAM_MspInit
 .text.BSP_SDRAM_Init
                0x08001610       0x7c Drivers\BSP\STM32F769I-Discovery\stm32f769i_discovery_sdram.o
                0x08001610                BSP_SDRAM_Init
 .text.BSP_TS_Init
                0x0800168c       0x70 Drivers\BSP\STM32F769I-Discovery\stm32f769i_discovery_ts.o
                0x0800168c                BSP_TS_Init
 .text.BSP_TS_GetState
                0x080016fc       0xf0 Drivers\BSP\STM32F769I-Discovery\stm32f769i_discovery_ts.o
                0x080016fc                BSP_TS_GetState
 .text.HAL_InitTick
                0x080017ec       0x48 Drivers\STM32F7xx_HAL_Driver\Src\stm32f7xx_hal.o
                0x080017ec                HAL_InitTick
 .text.HAL_Init
                0x08001834       0x16 Drivers\STM32F7xx_HAL_Driver\Src\stm32f7xx_hal.o
                0x08001834                HAL_Init
 *fill*         0x0800184a        0x2 
 .text.HAL_IncTick
                0x0800184c       0x18 Drivers\STM32F7xx_HAL_Driver\Src\stm32f7xx_hal.o
                0x0800184c                HAL_IncTick
 .text.HAL_GetTick
                0x08001864        0xc Drivers\STM32F7xx_HAL_Driver\Src\stm32f7xx_hal.o
                0x08001864                HAL_GetTick
 .text.HAL_Delay
                0x08001870       0x24 Drivers\STM32F7xx_HAL_Driver\Src\stm32f7xx_hal.o
                0x08001870                HAL_Delay
 .text.HAL_ADC_Init
                0x08001894      0x14c Drivers\STM32F7xx_HAL_Driver\Src\stm32f7xx_hal_adc.o
                0x08001894                HAL_ADC_Init
 .text.HAL_ADC_Start_DMA
                0x080019e0      0x120 Drivers\STM32F7xx_HAL_Driver\Src\stm32f7xx_hal_adc.o
                0x080019e0                HAL_ADC_Start_DMA
 .text.HAL_ADC_ConvHalfCpltCallback
                0x08001b00        0x2 Drivers\STM32F7xx_HAL_Driver\Src\stm32f7xx_hal_adc.o
                0x08001b00                HAL_ADC_ConvHalfCpltCallback
 .text.ADC_DMAHalfConvCplt
                0x08001b02        0xa Drivers\STM32F7xx_HAL_Driver\Src\stm32f7xx_hal_adc.o
 .text.HAL_ADC_ErrorCallback
                0x08001b0c        0x2 Drivers\STM32F7xx_HAL_Driver\Src\stm32f7xx_hal_adc.o
                0x08001b0c                HAL_ADC_ErrorCallback
 .text.ADC_DMAError
                0x08001b0e       0x16 Drivers\STM32F7xx_HAL_Driver\Src\stm32f7xx_hal_adc.o
 .text.ADC_DMAConvCplt
                0x08001b24       0x6c Drivers\STM32F7xx_HAL_Driver\Src\stm32f7xx_hal_adc.o
 .text.HAL_ADC_ConfigChannel
                0x08001b90      0x140 Drivers\STM32F7xx_HAL_Driver\Src\stm32f7xx_hal_adc.o
                0x08001b90                HAL_ADC_ConfigChannel
 .text.HAL_NVIC_SetPriorityGrouping
                0x08001cd0       0x24 Drivers\STM32F7xx_HAL_Driver\Src\stm32f7xx_hal_cortex.o
                0x08001cd0                HAL_NVIC_SetPriorityGrouping
 .text.HAL_NVIC_SetPriority
                0x08001cf4       0x70 Drivers\STM32F7xx_HAL_Driver\Src\stm32f7xx_hal_cortex.o
                0x08001cf4                HAL_NVIC_SetPriority
 .text.HAL_NVIC_EnableIRQ
                0x08001d64       0x1c Drivers\STM32F7xx_HAL_Driver\Src\stm32f7xx_hal_cortex.o
                0x08001d64                HAL_NVIC_EnableIRQ
 .text.HAL_SYSTICK_Config
                0x08001d80       0x2c Drivers\STM32F7xx_HAL_Driver\Src\stm32f7xx_hal_cortex.o
                0x08001d80                HAL_SYSTICK_Config
 .text.DMA_CalcBaseAndBitshift
                0x08001dac       0x2c Drivers\STM32F7xx_HAL_Driver\Src\stm32f7xx_hal_dma.o
 .text.HAL_DMA_Init
                0x08001dd8       0xfc Drivers\STM32F7xx_HAL_Driver\Src\stm32f7xx_hal_dma.o
                0x08001dd8                HAL_DMA_Init
 .text.HAL_DMA_DeInit
                0x08001ed4       0x54 Drivers\STM32F7xx_HAL_Driver\Src\stm32f7xx_hal_dma.o
                0x08001ed4                HAL_DMA_DeInit
 .text.HAL_DMA_Start_IT
                0x08001f28       0x7a Drivers\STM32F7xx_HAL_Driver\Src\stm32f7xx_hal_dma.o
                0x08001f28                HAL_DMA_Start_IT
 *fill*         0x08001fa2        0x2 
 .text.HAL_DMA_IRQHandler
                0x08001fa4      0x174 Drivers\STM32F7xx_HAL_Driver\Src\stm32f7xx_hal_dma.o
                0x08001fa4                HAL_DMA_IRQHandler
 .text.DMA2D_SetConfig
                0x08002118       0x84 Drivers\STM32F7xx_HAL_Driver\Src\stm32f7xx_hal_dma2d.o
 .text.HAL_DMA2D_MspInit
                0x0800219c        0x2 Drivers\STM32F7xx_HAL_Driver\Src\stm32f7xx_hal_dma2d.o
                0x0800219c                HAL_DMA2D_MspInit
 .text.HAL_DMA2D_Init
                0x0800219e       0x6e Drivers\STM32F7xx_HAL_Driver\Src\stm32f7xx_hal_dma2d.o
                0x0800219e                HAL_DMA2D_Init
 .text.HAL_DMA2D_Start
                0x0800220c       0x34 Drivers\STM32F7xx_HAL_Driver\Src\stm32f7xx_hal_dma2d.o
                0x0800220c                HAL_DMA2D_Start
 .text.HAL_DMA2D_PollForTransfer
                0x08002240      0x102 Drivers\STM32F7xx_HAL_Driver\Src\stm32f7xx_hal_dma2d.o
                0x08002240                HAL_DMA2D_PollForTransfer
 *fill*         0x08002342        0x2 
 .text.HAL_DMA2D_ConfigLayer
                0x08002344       0xa8 Drivers\STM32F7xx_HAL_Driver\Src\stm32f7xx_hal_dma2d.o
                0x08002344                HAL_DMA2D_ConfigLayer
 .text.DSI_ShortWrite
                0x080023ec       0x44 Drivers\STM32F7xx_HAL_Driver\Src\stm32f7xx_hal_dsi.o
 .text.HAL_DSI_MspInit
                0x08002430        0x2 Drivers\STM32F7xx_HAL_Driver\Src\stm32f7xx_hal_dsi.o
                0x08002430                HAL_DSI_MspInit
 *fill*         0x08002432        0x2 
 .text.HAL_DSI_Init
                0x08002434      0x160 Drivers\STM32F7xx_HAL_Driver\Src\stm32f7xx_hal_dsi.o
                0x08002434                HAL_DSI_Init
 .text.HAL_DSI_MspDeInit
                0x08002594        0x2 Drivers\STM32F7xx_HAL_Driver\Src\stm32f7xx_hal_dsi.o
                0x08002594                HAL_DSI_MspDeInit
 .text.HAL_DSI_DeInit
                0x08002596       0x94 Drivers\STM32F7xx_HAL_Driver\Src\stm32f7xx_hal_dsi.o
                0x08002596                HAL_DSI_DeInit
 *fill*         0x0800262a        0x2 
 .text.HAL_DSI_ConfigVideoMode
                0x0800262c      0x20c Drivers\STM32F7xx_HAL_Driver\Src\stm32f7xx_hal_dsi.o
                0x0800262c                HAL_DSI_ConfigVideoMode
 .text.HAL_DSI_Start
                0x08002838       0x46 Drivers\STM32F7xx_HAL_Driver\Src\stm32f7xx_hal_dsi.o
                0x08002838                HAL_DSI_Start
 .text.HAL_DSI_ShortWrite
                0x0800287e       0x22 Drivers\STM32F7xx_HAL_Driver\Src\stm32f7xx_hal_dsi.o
                0x0800287e                HAL_DSI_ShortWrite
 .text.HAL_DSI_LongWrite
                0x080028a0       0xc8 Drivers\STM32F7xx_HAL_Driver\Src\stm32f7xx_hal_dsi.o
                0x080028a0                HAL_DSI_LongWrite
 .text.HAL_GPIO_Init
                0x08002968      0x1d4 Drivers\STM32F7xx_HAL_Driver\Src\stm32f7xx_hal_gpio.o
                0x08002968                HAL_GPIO_Init
 .text.HAL_GPIO_WritePin
                0x08002b3c        0xa Drivers\STM32F7xx_HAL_Driver\Src\stm32f7xx_hal_gpio.o
                0x08002b3c                HAL_GPIO_WritePin
 .text.I2C_Flush_TXDR
                0x08002b46       0x1c Drivers\STM32F7xx_HAL_Driver\Src\stm32f7xx_hal_i2c.o
 .text.I2C_TransferConfig
                0x08002b62       0x34 Drivers\STM32F7xx_HAL_Driver\Src\stm32f7xx_hal_i2c.o
 .text.I2C_WaitOnFlagUntilTimeout
                0x08002b96       0x56 Drivers\STM32F7xx_HAL_Driver\Src\stm32f7xx_hal_i2c.o
 .text.I2C_IsAcknowledgeFailed
                0x08002bec       0x7a Drivers\STM32F7xx_HAL_Driver\Src\stm32f7xx_hal_i2c.o
 .text.I2C_WaitOnTXISFlagUntilTimeout
                0x08002c66       0x4e Drivers\STM32F7xx_HAL_Driver\Src\stm32f7xx_hal_i2c.o
 .text.I2C_RequestMemoryWrite
                0x08002cb4       0x64 Drivers\STM32F7xx_HAL_Driver\Src\stm32f7xx_hal_i2c.o
 .text.I2C_RequestMemoryRead
                0x08002d18       0x64 Drivers\STM32F7xx_HAL_Driver\Src\stm32f7xx_hal_i2c.o
 .text.I2C_WaitOnSTOPFlagUntilTimeout
                0x08002d7c       0x4a Drivers\STM32F7xx_HAL_Driver\Src\stm32f7xx_hal_i2c.o
 .text.HAL_I2C_MspInit
                0x08002dc6        0x2 Drivers\STM32F7xx_HAL_Driver\Src\stm32f7xx_hal_i2c.o
                0x08002dc6                HAL_I2C_MspInit
 .text.HAL_I2C_Init
                0x08002dc8       0xa2 Drivers\STM32F7xx_HAL_Driver\Src\stm32f7xx_hal_i2c.o
                0x08002dc8                HAL_I2C_Init
 .text.HAL_I2C_MspDeInit
                0x08002e6a        0x2 Drivers\STM32F7xx_HAL_Driver\Src\stm32f7xx_hal_i2c.o
                0x08002e6a                HAL_I2C_MspDeInit
 .text.HAL_I2C_DeInit
                0x08002e6c       0x32 Drivers\STM32F7xx_HAL_Driver\Src\stm32f7xx_hal_i2c.o
                0x08002e6c                HAL_I2C_DeInit
 .text.HAL_I2C_Mem_Write
                0x08002e9e      0x16e Drivers\STM32F7xx_HAL_Driver\Src\stm32f7xx_hal_i2c.o
                0x08002e9e                HAL_I2C_Mem_Write
 .text.HAL_I2C_Mem_Read
                0x0800300c      0x17c Drivers\STM32F7xx_HAL_Driver\Src\stm32f7xx_hal_i2c.o
                0x0800300c                HAL_I2C_Mem_Read
 .text.HAL_I2C_GetState
                0x08003188        0x6 Drivers\STM32F7xx_HAL_Driver\Src\stm32f7xx_hal_i2c.o
                0x08003188                HAL_I2C_GetState
 .text.LTDC_SetConfig
                0x0800318e      0x10c Drivers\STM32F7xx_HAL_Driver\Src\stm32f7xx_hal_ltdc.o
 .text.HAL_LTDC_MspInit
                0x0800329a        0x2 Drivers\STM32F7xx_HAL_Driver\Src\stm32f7xx_hal_ltdc.o
                0x0800329a                HAL_LTDC_MspInit
 .text.HAL_LTDC_Init
                0x0800329c       0xd8 Drivers\STM32F7xx_HAL_Driver\Src\stm32f7xx_hal_ltdc.o
                0x0800329c                HAL_LTDC_Init
 .text.HAL_LTDC_ConfigLayer
                0x08003374       0x52 Drivers\STM32F7xx_HAL_Driver\Src\stm32f7xx_hal_ltdc.o
                0x08003374                HAL_LTDC_ConfigLayer
 .text.HAL_LTDCEx_StructInitFromVideoConfig
                0x080033c6       0x4c Drivers\STM32F7xx_HAL_Driver\Src\stm32f7xx_hal_ltdc_ex.o
                0x080033c6                HAL_LTDCEx_StructInitFromVideoConfig
 *fill*         0x08003412        0x2 
 .text.HAL_PWREx_EnableOverDrive
                0x08003414       0x70 Drivers\STM32F7xx_HAL_Driver\Src\stm32f7xx_hal_pwr_ex.o
                0x08003414                HAL_PWREx_EnableOverDrive
 .text.HAL_RCC_OscConfig
                0x08003484      0x328 Drivers\STM32F7xx_HAL_Driver\Src\stm32f7xx_hal_rcc.o
                0x08003484                HAL_RCC_OscConfig
 .text.HAL_RCC_GetSysClockFreq
                0x080037ac       0x5c Drivers\STM32F7xx_HAL_Driver\Src\stm32f7xx_hal_rcc.o
                0x080037ac                HAL_RCC_GetSysClockFreq
 .text.HAL_RCC_ClockConfig
                0x08003808      0x13c Drivers\STM32F7xx_HAL_Driver\Src\stm32f7xx_hal_rcc.o
                0x08003808                HAL_RCC_ClockConfig
 .text.HAL_RCCEx_PeriphCLKConfig
                0x08003944      0x55c Drivers\STM32F7xx_HAL_Driver\Src\stm32f7xx_hal_rcc_ex.o
                0x08003944                HAL_RCCEx_PeriphCLKConfig
 .text.HAL_SDRAM_MspInit
                0x08003ea0        0x2 Drivers\STM32F7xx_HAL_Driver\Src\stm32f7xx_hal_sdram.o
                0x08003ea0                HAL_SDRAM_MspInit
 .text.HAL_SDRAM_Init
                0x08003ea2       0x40 Drivers\STM32F7xx_HAL_Driver\Src\stm32f7xx_hal_sdram.o
                0x08003ea2                HAL_SDRAM_Init
 .text.HAL_SDRAM_SendCommand
                0x08003ee2       0x2e Drivers\STM32F7xx_HAL_Driver\Src\stm32f7xx_hal_sdram.o
                0x08003ee2                HAL_SDRAM_SendCommand
 .text.HAL_SDRAM_ProgramRefreshRate
                0x08003f10       0x24 Drivers\STM32F7xx_HAL_Driver\Src\stm32f7xx_hal_sdram.o
                0x08003f10                HAL_SDRAM_ProgramRefreshRate
 .text.TIM_OC1_SetConfig
                0x08003f34       0x68 Drivers\STM32F7xx_HAL_Driver\Src\stm32f7xx_hal_tim.o
 .text.TIM_OC3_SetConfig
                0x08003f9c       0x70 Drivers\STM32F7xx_HAL_Driver\Src\stm32f7xx_hal_tim.o
 .text.TIM_OC4_SetConfig
                0x0800400c       0x50 Drivers\STM32F7xx_HAL_Driver\Src\stm32f7xx_hal_tim.o
 .text.TIM_OC5_SetConfig
                0x0800405c       0x50 Drivers\STM32F7xx_HAL_Driver\Src\stm32f7xx_hal_tim.o
 .text.TIM_OC6_SetConfig
                0x080040ac       0x50 Drivers\STM32F7xx_HAL_Driver\Src\stm32f7xx_hal_tim.o
 .text.HAL_TIM_Base_Start_IT
                0x080040fc       0x2c Drivers\STM32F7xx_HAL_Driver\Src\stm32f7xx_hal_tim.o
                0x080040fc                HAL_TIM_Base_Start_IT
 .text.HAL_TIM_PWM_MspInit
                0x08004128        0x2 Drivers\STM32F7xx_HAL_Driver\Src\stm32f7xx_hal_tim.o
                0x08004128                HAL_TIM_PWM_MspInit
 .text.HAL_TIM_OC_DelayElapsedCallback
                0x0800412a        0x2 Drivers\STM32F7xx_HAL_Driver\Src\stm32f7xx_hal_tim.o
                0x0800412a                HAL_TIM_OC_DelayElapsedCallback
 .text.HAL_TIM_IC_CaptureCallback
                0x0800412c        0x2 Drivers\STM32F7xx_HAL_Driver\Src\stm32f7xx_hal_tim.o
                0x0800412c                HAL_TIM_IC_CaptureCallback
 .text.HAL_TIM_PWM_PulseFinishedCallback
                0x0800412e        0x2 Drivers\STM32F7xx_HAL_Driver\Src\stm32f7xx_hal_tim.o
                0x0800412e                HAL_TIM_PWM_PulseFinishedCallback
 .text.HAL_TIM_TriggerCallback
                0x08004130        0x2 Drivers\STM32F7xx_HAL_Driver\Src\stm32f7xx_hal_tim.o
                0x08004130                HAL_TIM_TriggerCallback
 .text.HAL_TIM_IRQHandler
                0x08004132      0x160 Drivers\STM32F7xx_HAL_Driver\Src\stm32f7xx_hal_tim.o
                0x08004132                HAL_TIM_IRQHandler
 *fill*         0x08004292        0x2 
 .text.TIM_Base_SetConfig
                0x08004294       0xcc Drivers\STM32F7xx_HAL_Driver\Src\stm32f7xx_hal_tim.o
                0x08004294                TIM_Base_SetConfig
 .text.HAL_TIM_Base_Init
                0x08004360       0x34 Drivers\STM32F7xx_HAL_Driver\Src\stm32f7xx_hal_tim.o
                0x08004360                HAL_TIM_Base_Init
 .text.HAL_TIM_PWM_Init
                0x08004394       0x34 Drivers\STM32F7xx_HAL_Driver\Src\stm32f7xx_hal_tim.o
                0x08004394                HAL_TIM_PWM_Init
 .text.TIM_OC2_SetConfig
                0x080043c8       0x70 Drivers\STM32F7xx_HAL_Driver\Src\stm32f7xx_hal_tim.o
                0x080043c8                TIM_OC2_SetConfig
 .text.HAL_TIM_PWM_ConfigChannel
                0x08004438      0x10a Drivers\STM32F7xx_HAL_Driver\Src\stm32f7xx_hal_tim.o
                0x08004438                HAL_TIM_PWM_ConfigChannel
 .text.TIM_ETR_SetConfig
                0x08004542       0x14 Drivers\STM32F7xx_HAL_Driver\Src\stm32f7xx_hal_tim.o
                0x08004542                TIM_ETR_SetConfig
 *fill*         0x08004556        0x2 
 .text.HAL_TIM_ConfigClockSource
                0x08004558      0x128 Drivers\STM32F7xx_HAL_Driver\Src\stm32f7xx_hal_tim.o
                0x08004558                HAL_TIM_ConfigClockSource
 .text.TIM_CCxChannelCmd
                0x08004680       0x1c Drivers\STM32F7xx_HAL_Driver\Src\stm32f7xx_hal_tim.o
                0x08004680                TIM_CCxChannelCmd
 .text.HAL_TIM_PWM_Start
                0x0800469c       0x4c Drivers\STM32F7xx_HAL_Driver\Src\stm32f7xx_hal_tim.o
                0x0800469c                HAL_TIM_PWM_Start
 .text.HAL_TIMEx_MasterConfigSynchronization
                0x080046e8       0x58 Drivers\STM32F7xx_HAL_Driver\Src\stm32f7xx_hal_tim_ex.o
                0x080046e8                HAL_TIMEx_MasterConfigSynchronization
 .text.HAL_TIMEx_CommutCallback
                0x08004740        0x2 Drivers\STM32F7xx_HAL_Driver\Src\stm32f7xx_hal_tim_ex.o
                0x08004740                HAL_TIMEx_CommutCallback
 .text.HAL_TIMEx_BreakCallback
                0x08004742        0x2 Drivers\STM32F7xx_HAL_Driver\Src\stm32f7xx_hal_tim_ex.o
                0x08004742                HAL_TIMEx_BreakCallback
 .text.HAL_TIMEx_Break2Callback
                0x08004744        0x2 Drivers\STM32F7xx_HAL_Driver\Src\stm32f7xx_hal_tim_ex.o
                0x08004744                HAL_TIMEx_Break2Callback
 .text.FMC_SDRAM_Init
                0x08004746       0x7e Drivers\STM32F7xx_HAL_Driver\Src\stm32f7xx_ll_fmc.o
                0x08004746                FMC_SDRAM_Init
 .text.FMC_SDRAM_Timing_Init
                0x080047c4       0x90 Drivers\STM32F7xx_HAL_Driver\Src\stm32f7xx_ll_fmc.o
                0x080047c4                FMC_SDRAM_Timing_Init
 .text.FMC_SDRAM_SendCommand
                0x08004854       0x26 Drivers\STM32F7xx_HAL_Driver\Src\stm32f7xx_ll_fmc.o
                0x08004854                FMC_SDRAM_SendCommand
 .text.FMC_SDRAM_ProgramRefreshRate
                0x0800487a        0xc Drivers\STM32F7xx_HAL_Driver\Src\stm32f7xx_ll_fmc.o
                0x0800487a                FMC_SDRAM_ProgramRefreshRate
 *fill*         0x08004886        0x2 
 .text.Calc_VDDA
                0x08004888       0x24 Src\adc.o
                0x08004888                Calc_VDDA
 .text.Get_V_LOAD
                0x080048ac       0x2c Src\adc.o
                0x080048ac                Get_V_LOAD
 .text.Get_I_LOAD
                0x080048d8       0x2c Src\adc.o
                0x080048d8                Get_I_LOAD
 .text.Get_Position
                0x08004904       0x10 Src\adc.o
                0x08004904                Get_Position
 .text.Filter_ADC_Readings
                0x08004914       0x62 Src\adc.o
                0x08004914                Filter_ADC_Readings
 *fill*         0x08004976        0x2 
 .text.MX_ADC1_Init
                0x08004978       0xb0 Src\adc.o
                0x08004978                MX_ADC1_Init
 .text.HAL_ADC_MspInit
                0x08004a28       0xc4 Src\adc.o
                0x08004a28                HAL_ADC_MspInit
 .text.Perturb_Observe
                0x08004aec      0x1f8 Src\boost_converter.o
                0x08004aec                Perturb_Observe
 .text.MX_DMA_Init
                0x08004ce4       0x30 Src\dma.o
                0x08004ce4                MX_DMA_Init
 .text.MX_GPIO_Init
                0x08004d14      0x610 Src\gpio.o
                0x08004d14                MX_GPIO_Init
 .text.Get_Touch
                0x08005324       0xc8 Src\lcd.o
                0x08005324                Get_Touch
 .text.Display_Readings
                0x080053ec      0x10c Src\lcd.o
                0x080053ec                Display_Readings
 .text.LCD_Config
                0x080054f8      0x188 Src\lcd.o
                0x080054f8                LCD_Config
 .text.SystemClock_Config
                0x08005680       0x62 Src\main.o
                0x08005680                SystemClock_Config
 *fill*         0x080056e2        0x2 
 .text.startup.main
                0x080056e4       0xa0 Src\main.o
                0x080056e4                main
 .text.HAL_ADC_ConvCpltCallback
                0x08005784       0x70 Src\main.o
                0x08005784                HAL_ADC_ConvCpltCallback
 .text.Error_Handler
                0x080057f4        0x2 Src\main.o
                0x080057f4                Error_Handler
 *fill*         0x080057f6        0x2 
 .text.Stepper_Control_Loop
                0x080057f8      0x178 Src\stepper.o
                0x080057f8                Stepper_Control_Loop
 .text.Step_Clockwise
                0x08005970       0xfc Src\stepper.o
                0x08005970                Step_Clockwise
 .text.Step_Counter_Clockwise
                0x08005a6c       0xfc Src\stepper.o
                0x08005a6c                Step_Counter_Clockwise
 .text.HAL_MspInit
                0x08005b68       0x30 Src\stm32f7xx_hal_msp.o
                0x08005b68                HAL_MspInit
 .text.NMI_Handler
                0x08005b98        0x2 Src\stm32f7xx_it.o
                0x08005b98                NMI_Handler
 .text.HardFault_Handler
                0x08005b9a        0x2 Src\stm32f7xx_it.o
                0x08005b9a                HardFault_Handler
 .text.MemManage_Handler
                0x08005b9c        0x2 Src\stm32f7xx_it.o
                0x08005b9c                MemManage_Handler
 .text.BusFault_Handler
                0x08005b9e        0x2 Src\stm32f7xx_it.o
                0x08005b9e                BusFault_Handler
 .text.UsageFault_Handler
                0x08005ba0        0x2 Src\stm32f7xx_it.o
                0x08005ba0                UsageFault_Handler
 .text.SVC_Handler
                0x08005ba2        0x2 Src\stm32f7xx_it.o
                0x08005ba2                SVC_Handler
 .text.DebugMon_Handler
                0x08005ba4        0x2 Src\stm32f7xx_it.o
                0x08005ba4                DebugMon_Handler
 .text.PendSV_Handler
                0x08005ba6        0x2 Src\stm32f7xx_it.o
                0x08005ba6                PendSV_Handler
 .text.SysTick_Handler
                0x08005ba8        0x4 Src\stm32f7xx_it.o
                0x08005ba8                SysTick_Handler
 .text.TIM1_UP_TIM10_IRQHandler
                0x08005bac        0xc Src\stm32f7xx_it.o
                0x08005bac                TIM1_UP_TIM10_IRQHandler
 .text.TIM7_IRQHandler
                0x08005bb8        0xc Src\stm32f7xx_it.o
                0x08005bb8                TIM7_IRQHandler
 .text.DMA2_Stream4_IRQHandler
                0x08005bc4        0xc Src\stm32f7xx_it.o
                0x08005bc4                DMA2_Stream4_IRQHandler
 .text._sbrk    0x08005bd0       0x34 Src\syscalls.o
                0x08005bd0                _sbrk
 .text.SystemInit
                0x08005c04       0x4c Src\system_stm32f7xx.o
                0x08005c04                SystemInit
 .text.HAL_TIM_PeriodElapsedCallback
                0x08005c50       0x5c Src\tim.o
                0x08005c50                HAL_TIM_PeriodElapsedCallback
 .text.MX_TIM7_Init
                0x08005cac       0x48 Src\tim.o
                0x08005cac                MX_TIM7_Init
 .text.MX_TIM8_Init
                0x08005cf4       0x74 Src\tim.o
                0x08005cf4                MX_TIM8_Init
 .text.MX_TIM10_Init
                0x08005d68       0x34 Src\tim.o
                0x08005d68                MX_TIM10_Init
 .text.HAL_TIM_Base_MspInit
                0x08005d9c       0xa8 Src\tim.o
                0x08005d9c                HAL_TIM_Base_MspInit
 .text.HAL_TIM_MspPostInit
                0x08005e44       0x50 Src\tim.o
                0x08005e44                HAL_TIM_MspPostInit
 .text.MX_TIM11_Init
                0x08005e94       0x6c Src\tim.o
                0x08005e94                MX_TIM11_Init
 .text.Reset_Handler
                0x08005f00       0x50 startup\startup_stm32f769xx.o
                0x08005f00                Reset_Handler
 .text.Default_Handler
                0x08005f50        0x2 startup\startup_stm32f769xx.o
                0x08005f50                RTC_Alarm_IRQHandler
                0x08005f50                EXTI2_IRQHandler
                0x08005f50                TIM8_CC_IRQHandler
                0x08005f50                UART8_IRQHandler
                0x08005f50                SPI4_IRQHandler
                0x08005f50                TIM1_CC_IRQHandler
                0x08005f50                DMA2_Stream5_IRQHandler
                0x08005f50                JPEG_IRQHandler
                0x08005f50                DMA1_Stream5_IRQHandler
                0x08005f50                CAN3_RX1_IRQHandler
                0x08005f50                PVD_IRQHandler
                0x08005f50                TAMP_STAMP_IRQHandler
                0x08005f50                CAN2_RX1_IRQHandler
                0x08005f50                EXTI3_IRQHandler
                0x08005f50                TIM8_TRG_COM_TIM14_IRQHandler
                0x08005f50                DFSDM1_FLT1_IRQHandler
                0x08005f50                TIM8_UP_TIM13_IRQHandler
                0x08005f50                I2C3_ER_IRQHandler
                0x08005f50                DFSDM1_FLT2_IRQHandler
                0x08005f50                EXTI0_IRQHandler
                0x08005f50                I2C2_EV_IRQHandler
                0x08005f50                DMA1_Stream2_IRQHandler
                0x08005f50                CAN1_RX0_IRQHandler
                0x08005f50                FPU_IRQHandler
                0x08005f50                OTG_HS_WKUP_IRQHandler
                0x08005f50                CAN3_SCE_IRQHandler
                0x08005f50                LTDC_ER_IRQHandler
                0x08005f50                CAN2_SCE_IRQHandler
                0x08005f50                DMA2_Stream2_IRQHandler
                0x08005f50                SPI1_IRQHandler
                0x08005f50                TIM6_DAC_IRQHandler
                0x08005f50                TIM1_BRK_TIM9_IRQHandler
                0x08005f50                DCMI_IRQHandler
                0x08005f50                CAN2_RX0_IRQHandler
                0x08005f50                DMA2_Stream3_IRQHandler
                0x08005f50                SAI2_IRQHandler
                0x08005f50                DFSDM1_FLT3_IRQHandler
                0x08005f50                USART6_IRQHandler
                0x08005f50                CAN3_RX0_IRQHandler
                0x08005f50                USART3_IRQHandler
                0x08005f50                CAN1_RX1_IRQHandler
                0x08005f50                UART5_IRQHandler
                0x08005f50                DMA2_Stream0_IRQHandler
                0x08005f50                TIM4_IRQHandler
                0x08005f50                QUADSPI_IRQHandler
                0x08005f50                I2C1_EV_IRQHandler
                0x08005f50                DMA1_Stream6_IRQHandler
                0x08005f50                DMA1_Stream1_IRQHandler
                0x08005f50                UART4_IRQHandler
                0x08005f50                TIM3_IRQHandler
                0x08005f50                RCC_IRQHandler
                0x08005f50                TIM8_BRK_TIM12_IRQHandler
                0x08005f50                Default_Handler
                0x08005f50                CEC_IRQHandler
                0x08005f50                EXTI15_10_IRQHandler
                0x08005f50                ADC_IRQHandler
                0x08005f50                DMA1_Stream7_IRQHandler
                0x08005f50                SPI5_IRQHandler
                0x08005f50                SDMMC1_IRQHandler
                0x08005f50                CAN2_TX_IRQHandler
                0x08005f50                TIM5_IRQHandler
                0x08005f50                DMA2_Stream7_IRQHandler
                0x08005f50                I2C3_EV_IRQHandler
                0x08005f50                EXTI9_5_IRQHandler
                0x08005f50                RTC_WKUP_IRQHandler
                0x08005f50                LTDC_IRQHandler
                0x08005f50                ETH_WKUP_IRQHandler
                0x08005f50                SPDIF_RX_IRQHandler
                0x08005f50                SPI2_IRQHandler
                0x08005f50                OTG_HS_EP1_IN_IRQHandler
                0x08005f50                DMA1_Stream0_IRQHandler
                0x08005f50                CAN1_TX_IRQHandler
                0x08005f50                EXTI4_IRQHandler
                0x08005f50                RNG_IRQHandler
                0x08005f50                DSI_IRQHandler
                0x08005f50                ETH_IRQHandler
                0x08005f50                OTG_HS_EP1_OUT_IRQHandler
                0x08005f50                WWDG_IRQHandler
                0x08005f50                SPI6_IRQHandler
                0x08005f50                MDIOS_IRQHandler
                0x08005f50                I2C4_EV_IRQHandler
                0x08005f50                CAN3_TX_IRQHandler
                0x08005f50                TIM2_IRQHandler
                0x08005f50                OTG_FS_WKUP_IRQHandler
                0x08005f50                TIM1_TRG_COM_TIM11_IRQHandler
                0x08005f50                OTG_HS_IRQHandler
                0x08005f50                DMA2D_IRQHandler
                0x08005f50                EXTI1_IRQHandler
                0x08005f50                SDMMC2_IRQHandler
                0x08005f50                UART7_IRQHandler
                0x08005f50                USART2_IRQHandler
                0x08005f50                DFSDM1_FLT0_IRQHandler
                0x08005f50                I2C2_ER_IRQHandler
                0x08005f50                DMA2_Stream1_IRQHandler
                0x08005f50                CAN1_SCE_IRQHandler
                0x08005f50                FLASH_IRQHandler
                0x08005f50                USART1_IRQHandler
                0x08005f50                OTG_FS_IRQHandler
                0x08005f50                SPI3_IRQHandler
                0x08005f50                DMA1_Stream4_IRQHandler
                0x08005f50                I2C1_ER_IRQHandler
                0x08005f50                FMC_IRQHandler
                0x08005f50                LPTIM1_IRQHandler
                0x08005f50                I2C4_ER_IRQHandler
                0x08005f50                DMA2_Stream6_IRQHandler
                0x08005f50                SAI1_IRQHandler
                0x08005f50                DMA1_Stream3_IRQHandler
 *fill*         0x08005f52        0x2 
 .text.__errno  0x08005f54        0xc c:/program files (x86)/atollic/truestudio for stm32 9.3.0/armtools/bin/../lib/gcc/arm-atollic-eabi/6.3.1/../../../../arm-atollic-eabi/lib/armv7e-m/fpu/fpv5-d16\libc.a(lib_a-errno.o)
                0x08005f54                __errno
 .text.__libc_init_array
                0x08005f60       0x48 c:/program files (x86)/atollic/truestudio for stm32 9.3.0/armtools/bin/../lib/gcc/arm-atollic-eabi/6.3.1/../../../../arm-atollic-eabi/lib/armv7e-m/fpu/fpv5-d16\libc.a(lib_a-init.o)
                0x08005f60                __libc_init_array
 .text.memset   0x08005fa8       0x10 c:/program files (x86)/atollic/truestudio for stm32 9.3.0/armtools/bin/../lib/gcc/arm-atollic-eabi/6.3.1/../../../../arm-atollic-eabi/lib/armv7e-m/fpu/fpv5-d16\libc.a(lib_a-memset.o)
                0x08005fa8                memset
 .text.sprintf  0x08005fb8       0x48 c:/program files (x86)/atollic/truestudio for stm32 9.3.0/armtools/bin/../lib/gcc/arm-atollic-eabi/6.3.1/../../../../arm-atollic-eabi/lib/armv7e-m/fpu/fpv5-d16\libc.a(lib_a-sprintf.o)
                0x08005fb8                sprintf
 .text._svfprintf_r
                0x08006000      0xf78 c:/program files (x86)/atollic/truestudio for stm32 9.3.0/armtools/bin/../lib/gcc/arm-atollic-eabi/6.3.1/../../../../arm-atollic-eabi/lib/armv7e-m/fpu/fpv5-d16\libc.a(lib_a-svfprintf.o)
                0x08006000                _svfprintf_r
 .text.quorem   0x08006f78      0x118 c:/program files (x86)/atollic/truestudio for stm32 9.3.0/armtools/bin/../lib/gcc/arm-atollic-eabi/6.3.1/../../../../arm-atollic-eabi/lib/armv7e-m/fpu/fpv5-d16\libc.a(lib_a-dtoa.o)
 .text._dtoa_r  0x08007090      0xad8 c:/program files (x86)/atollic/truestudio for stm32 9.3.0/armtools/bin/../lib/gcc/arm-atollic-eabi/6.3.1/../../../../arm-atollic-eabi/lib/armv7e-m/fpu/fpv5-d16\libc.a(lib_a-dtoa.o)
                0x08007090                _dtoa_r
 .text._localeconv_r
                0x08007b68       0x1c c:/program files (x86)/atollic/truestudio for stm32 9.3.0/armtools/bin/../lib/gcc/arm-atollic-eabi/6.3.1/../../../../arm-atollic-eabi/lib/armv7e-m/fpu/fpv5-d16\libc.a(lib_a-localeconv.o)
                0x08007b68                _localeconv_r
 .text.malloc   0x08007b84       0x10 c:/program files (x86)/atollic/truestudio for stm32 9.3.0/armtools/bin/../lib/gcc/arm-atollic-eabi/6.3.1/../../../../arm-atollic-eabi/lib/armv7e-m/fpu/fpv5-d16\libc.a(lib_a-malloc.o)
                0x08007b84                malloc
 .text._malloc_r
                0x08007b94      0x41c c:/program files (x86)/atollic/truestudio for stm32 9.3.0/armtools/bin/../lib/gcc/arm-atollic-eabi/6.3.1/../../../../arm-atollic-eabi/lib/armv7e-m/fpu/fpv5-d16\libc.a(lib_a-mallocr.o)
                0x08007b94                _malloc_r
 .text.memcpy   0x08007fb0       0x16 c:/program files (x86)/atollic/truestudio for stm32 9.3.0/armtools/bin/../lib/gcc/arm-atollic-eabi/6.3.1/../../../../arm-atollic-eabi/lib/armv7e-m/fpu/fpv5-d16\libc.a(lib_a-memcpy-stub.o)
                0x08007fb0                memcpy
 *fill*         0x08007fc6        0x2 
 .text.__malloc_lock
                0x08007fc8        0xc c:/program files (x86)/atollic/truestudio for stm32 9.3.0/armtools/bin/../lib/gcc/arm-atollic-eabi/6.3.1/../../../../arm-atollic-eabi/lib/armv7e-m/fpu/fpv5-d16\libc.a(lib_a-mlock.o)
                0x08007fc8                __malloc_lock
 .text.__malloc_unlock
                0x08007fd4        0xc c:/program files (x86)/atollic/truestudio for stm32 9.3.0/armtools/bin/../lib/gcc/arm-atollic-eabi/6.3.1/../../../../arm-atollic-eabi/lib/armv7e-m/fpu/fpv5-d16\libc.a(lib_a-mlock.o)
                0x08007fd4                __malloc_unlock
 .text._Balloc  0x08007fe0       0x68 c:/program files (x86)/atollic/truestudio for stm32 9.3.0/armtools/bin/../lib/gcc/arm-atollic-eabi/6.3.1/../../../../arm-atollic-eabi/lib/armv7e-m/fpu/fpv5-d16\libc.a(lib_a-mprec.o)
                0x08007fe0                _Balloc
 .text._Bfree   0x08008048       0x2e c:/program files (x86)/atollic/truestudio for stm32 9.3.0/armtools/bin/../lib/gcc/arm-atollic-eabi/6.3.1/../../../../arm-atollic-eabi/lib/armv7e-m/fpu/fpv5-d16\libc.a(lib_a-mprec.o)
                0x08008048                _Bfree
 .text.__multadd
                0x08008076       0x76 c:/program files (x86)/atollic/truestudio for stm32 9.3.0/armtools/bin/../lib/gcc/arm-atollic-eabi/6.3.1/../../../../arm-atollic-eabi/lib/armv7e-m/fpu/fpv5-d16\libc.a(lib_a-mprec.o)
                0x08008076                __multadd
 .text.__hi0bits
                0x080080ec       0x3e c:/program files (x86)/atollic/truestudio for stm32 9.3.0/armtools/bin/../lib/gcc/arm-atollic-eabi/6.3.1/../../../../arm-atollic-eabi/lib/armv7e-m/fpu/fpv5-d16\libc.a(lib_a-mprec.o)
                0x080080ec                __hi0bits
 .text.__lo0bits
                0x0800812a       0x5e c:/program files (x86)/atollic/truestudio for stm32 9.3.0/armtools/bin/../lib/gcc/arm-atollic-eabi/6.3.1/../../../../arm-atollic-eabi/lib/armv7e-m/fpu/fpv5-d16\libc.a(lib_a-mprec.o)
                0x0800812a                __lo0bits
 .text.__i2b    0x08008188       0x12 c:/program files (x86)/atollic/truestudio for stm32 9.3.0/armtools/bin/../lib/gcc/arm-atollic-eabi/6.3.1/../../../../arm-atollic-eabi/lib/armv7e-m/fpu/fpv5-d16\libc.a(lib_a-mprec.o)
                0x08008188                __i2b
 .text.__multiply
                0x0800819a      0x11a c:/program files (x86)/atollic/truestudio for stm32 9.3.0/armtools/bin/../lib/gcc/arm-atollic-eabi/6.3.1/../../../../arm-atollic-eabi/lib/armv7e-m/fpu/fpv5-d16\libc.a(lib_a-mprec.o)
                0x0800819a                __multiply
 .text.__pow5mult
                0x080082b4       0x9c c:/program files (x86)/atollic/truestudio for stm32 9.3.0/armtools/bin/../lib/gcc/arm-atollic-eabi/6.3.1/../../../../arm-atollic-eabi/lib/armv7e-m/fpu/fpv5-d16\libc.a(lib_a-mprec.o)
                0x080082b4                __pow5mult
 .text.__lshift
                0x08008350       0xa2 c:/program files (x86)/atollic/truestudio for stm32 9.3.0/armtools/bin/../lib/gcc/arm-atollic-eabi/6.3.1/../../../../arm-atollic-eabi/lib/armv7e-m/fpu/fpv5-d16\libc.a(lib_a-mprec.o)
                0x08008350                __lshift
 .text.__mcmp   0x080083f2       0x34 c:/program files (x86)/atollic/truestudio for stm32 9.3.0/armtools/bin/../lib/gcc/arm-atollic-eabi/6.3.1/../../../../arm-atollic-eabi/lib/armv7e-m/fpu/fpv5-d16\libc.a(lib_a-mprec.o)
                0x080083f2                __mcmp
 .text.__mdiff  0x08008426       0xbc c:/program files (x86)/atollic/truestudio for stm32 9.3.0/armtools/bin/../lib/gcc/arm-atollic-eabi/6.3.1/../../../../arm-atollic-eabi/lib/armv7e-m/fpu/fpv5-d16\libc.a(lib_a-mprec.o)
                0x08008426                __mdiff
 .text.__d2b    0x080084e2       0x9e c:/program files (x86)/atollic/truestudio for stm32 9.3.0/armtools/bin/../lib/gcc/arm-atollic-eabi/6.3.1/../../../../arm-atollic-eabi/lib/armv7e-m/fpu/fpv5-d16\libc.a(lib_a-mprec.o)
                0x080084e2                __d2b
 .text._sbrk_r  0x08008580       0x20 c:/program files (x86)/atollic/truestudio for stm32 9.3.0/armtools/bin/../lib/gcc/arm-atollic-eabi/6.3.1/../../../../arm-atollic-eabi/lib/armv7e-m/fpu/fpv5-d16\libc.a(lib_a-sbrkr.o)
                0x08008580                _sbrk_r
 .text.__ssprint_r
                0x080085a0       0xf4 c:/program files (x86)/atollic/truestudio for stm32 9.3.0/armtools/bin/../lib/gcc/arm-atollic-eabi/6.3.1/../../../../arm-atollic-eabi/lib/armv7e-m/fpu/fpv5-d16\libc.a(lib_a-svfiprintf.o)
                0x080085a0                __ssprint_r
 .text._calloc_r
                0x08008694       0x5a c:/program files (x86)/atollic/truestudio for stm32 9.3.0/armtools/bin/../lib/gcc/arm-atollic-eabi/6.3.1/../../../../arm-atollic-eabi/lib/armv7e-m/fpu/fpv5-d16\libc.a(lib_a-callocr.o)
                0x08008694                _calloc_r
 *fill*         0x080086ee        0x2 
 .text._malloc_trim_r
                0x080086f0       0xac c:/program files (x86)/atollic/truestudio for stm32 9.3.0/armtools/bin/../lib/gcc/arm-atollic-eabi/6.3.1/../../../../arm-atollic-eabi/lib/armv7e-m/fpu/fpv5-d16\libc.a(lib_a-freer.o)
                0x080086f0                _malloc_trim_r
 .text._free_r  0x0800879c      0x178 c:/program files (x86)/atollic/truestudio for stm32 9.3.0/armtools/bin/../lib/gcc/arm-atollic-eabi/6.3.1/../../../../arm-atollic-eabi/lib/armv7e-m/fpu/fpv5-d16\libc.a(lib_a-freer.o)
                0x0800879c                _free_r
 .text.__retarget_lock_acquire_recursive
                0x08008914        0x2 c:/program files (x86)/atollic/truestudio for stm32 9.3.0/armtools/bin/../lib/gcc/arm-atollic-eabi/6.3.1/../../../../arm-atollic-eabi/lib/armv7e-m/fpu/fpv5-d16\libc.a(lib_a-lock.o)
                0x08008914                __retarget_lock_acquire_recursive
 .text.__retarget_lock_release_recursive
                0x08008916        0x2 c:/program files (x86)/atollic/truestudio for stm32 9.3.0/armtools/bin/../lib/gcc/arm-atollic-eabi/6.3.1/../../../../arm-atollic-eabi/lib/armv7e-m/fpu/fpv5-d16\libc.a(lib_a-lock.o)
                0x08008916                __retarget_lock_release_recursive
 .text.__ascii_mbtowc
                0x08008918       0x24 c:/program files (x86)/atollic/truestudio for stm32 9.3.0/armtools/bin/../lib/gcc/arm-atollic-eabi/6.3.1/../../../../arm-atollic-eabi/lib/armv7e-m/fpu/fpv5-d16\libc.a(lib_a-mbtowc_r.o)
                0x08008918                __ascii_mbtowc
 .text.memmove  0x0800893c       0x34 c:/program files (x86)/atollic/truestudio for stm32 9.3.0/armtools/bin/../lib/gcc/arm-atollic-eabi/6.3.1/../../../../arm-atollic-eabi/lib/armv7e-m/fpu/fpv5-d16\libc.a(lib_a-memmove.o)
                0x0800893c                memmove
 .text._realloc_r
                0x08008970      0x300 c:/program files (x86)/atollic/truestudio for stm32 9.3.0/armtools/bin/../lib/gcc/arm-atollic-eabi/6.3.1/../../../../arm-atollic-eabi/lib/armv7e-m/fpu/fpv5-d16\libc.a(lib_a-reallocr.o)
                0x08008970                _realloc_r
 .text.__ascii_wctomb
                0x08008c70       0x1a c:/program files (x86)/atollic/truestudio for stm32 9.3.0/armtools/bin/../lib/gcc/arm-atollic-eabi/6.3.1/../../../../arm-atollic-eabi/lib/armv7e-m/fpu/fpv5-d16\libc.a(lib_a-wctomb_r.o)
                0x08008c70                __ascii_wctomb
 *(.glue_7)
 .glue_7        0x08008c8a        0x0 linker stubs
 *(.glue_7t)
 .glue_7t       0x08008c8a        0x0 linker stubs
 *(.eh_frame)
 *fill*         0x08008c8a        0x2 
 .eh_frame      0x08008c8c        0x0 c:/program files (x86)/atollic/truestudio for stm32 9.3.0/armtools/bin/../lib/gcc/arm-atollic-eabi/6.3.1/armv7e-m/fpu/fpv5-d16/crtbegin.o
 *(.init)
 .init          0x08008c8c        0x4 c:/program files (x86)/atollic/truestudio for stm32 9.3.0/armtools/bin/../lib/gcc/arm-atollic-eabi/6.3.1/armv7e-m/fpu/fpv5-d16/crti.o
                0x08008c8c                _init
 .init          0x08008c90        0x8 c:/program files (x86)/atollic/truestudio for stm32 9.3.0/armtools/bin/../lib/gcc/arm-atollic-eabi/6.3.1/armv7e-m/fpu/fpv5-d16/crtn.o
 *(.fini)
 .fini          0x08008c98        0x4 c:/program files (x86)/atollic/truestudio for stm32 9.3.0/armtools/bin/../lib/gcc/arm-atollic-eabi/6.3.1/armv7e-m/fpu/fpv5-d16/crti.o
                0x08008c98                _fini
 .fini          0x08008c9c        0x8 c:/program files (x86)/atollic/truestudio for stm32 9.3.0/armtools/bin/../lib/gcc/arm-atollic-eabi/6.3.1/armv7e-m/fpu/fpv5-d16/crtn.o
                0x08008ca4                . = ALIGN (0x4)
                0x08008ca4                _etext = .

.vfp11_veneer   0x08008ca4        0x0
 .vfp11_veneer  0x08008ca4        0x0 linker stubs

.v4_bx          0x08008ca4        0x0
 .v4_bx         0x08008ca4        0x0 linker stubs

.iplt           0x08008ca4        0x0
 .iplt          0x08008ca4        0x0 c:/program files (x86)/atollic/truestudio for stm32 9.3.0/armtools/bin/../lib/gcc/arm-atollic-eabi/6.3.1/armv7e-m/fpu/fpv5-d16/crtbegin.o

.rodata         0x08008ca8     0x2b80
                0x08008ca8                . = ALIGN (0x4)
 *(.rodata)
 *(.rodata*)
 .rodata.ShortRegData1
                0x08008ca8        0x2 Drivers\BSP\Components\otm8009a\otm8009a.o
                0x08008ca8                ShortRegData1
 .rodata.ShortRegData10
                0x08008caa        0x2 Drivers\BSP\Components\otm8009a\otm8009a.o
                0x08008caa                ShortRegData10
 .rodata.ShortRegData11
                0x08008cac        0x2 Drivers\BSP\Components\otm8009a\otm8009a.o
                0x08008cac                ShortRegData11
 .rodata.ShortRegData12
                0x08008cae        0x2 Drivers\BSP\Components\otm8009a\otm8009a.o
                0x08008cae                ShortRegData12
 .rodata.ShortRegData13
                0x08008cb0        0x2 Drivers\BSP\Components\otm8009a\otm8009a.o
                0x08008cb0                ShortRegData13
 .rodata.ShortRegData14
                0x08008cb2        0x2 Drivers\BSP\Components\otm8009a\otm8009a.o
                0x08008cb2                ShortRegData14
 .rodata.ShortRegData15
                0x08008cb4        0x2 Drivers\BSP\Components\otm8009a\otm8009a.o
                0x08008cb4                ShortRegData15
 .rodata.ShortRegData16
                0x08008cb6        0x2 Drivers\BSP\Components\otm8009a\otm8009a.o
                0x08008cb6                ShortRegData16
 .rodata.ShortRegData17
                0x08008cb8        0x2 Drivers\BSP\Components\otm8009a\otm8009a.o
                0x08008cb8                ShortRegData17
 .rodata.ShortRegData18
                0x08008cba        0x2 Drivers\BSP\Components\otm8009a\otm8009a.o
                0x08008cba                ShortRegData18
 .rodata.ShortRegData19
                0x08008cbc        0x2 Drivers\BSP\Components\otm8009a\otm8009a.o
                0x08008cbc                ShortRegData19
 .rodata.ShortRegData2
                0x08008cbe        0x2 Drivers\BSP\Components\otm8009a\otm8009a.o
                0x08008cbe                ShortRegData2
 .rodata.ShortRegData20
                0x08008cc0        0x2 Drivers\BSP\Components\otm8009a\otm8009a.o
                0x08008cc0                ShortRegData20
 .rodata.ShortRegData21
                0x08008cc2        0x2 Drivers\BSP\Components\otm8009a\otm8009a.o
                0x08008cc2                ShortRegData21
 .rodata.ShortRegData22
                0x08008cc4        0x2 Drivers\BSP\Components\otm8009a\otm8009a.o
                0x08008cc4                ShortRegData22
 .rodata.ShortRegData23
                0x08008cc6        0x2 Drivers\BSP\Components\otm8009a\otm8009a.o
                0x08008cc6                ShortRegData23
 .rodata.ShortRegData24
                0x08008cc8        0x2 Drivers\BSP\Components\otm8009a\otm8009a.o
                0x08008cc8                ShortRegData24
 .rodata.ShortRegData25
                0x08008cca        0x2 Drivers\BSP\Components\otm8009a\otm8009a.o
                0x08008cca                ShortRegData25
 .rodata.ShortRegData26
                0x08008ccc        0x2 Drivers\BSP\Components\otm8009a\otm8009a.o
                0x08008ccc                ShortRegData26
 .rodata.ShortRegData27
                0x08008cce        0x2 Drivers\BSP\Components\otm8009a\otm8009a.o
                0x08008cce                ShortRegData27
 .rodata.ShortRegData28
                0x08008cd0        0x2 Drivers\BSP\Components\otm8009a\otm8009a.o
                0x08008cd0                ShortRegData28
 .rodata.ShortRegData29
                0x08008cd2        0x2 Drivers\BSP\Components\otm8009a\otm8009a.o
                0x08008cd2                ShortRegData29
 .rodata.ShortRegData3
                0x08008cd4        0x2 Drivers\BSP\Components\otm8009a\otm8009a.o
                0x08008cd4                ShortRegData3
 .rodata.ShortRegData30
                0x08008cd6        0x2 Drivers\BSP\Components\otm8009a\otm8009a.o
                0x08008cd6                ShortRegData30
 .rodata.ShortRegData31
                0x08008cd8        0x2 Drivers\BSP\Components\otm8009a\otm8009a.o
                0x08008cd8                ShortRegData31
 .rodata.ShortRegData32
                0x08008cda        0x2 Drivers\BSP\Components\otm8009a\otm8009a.o
                0x08008cda                ShortRegData32
 .rodata.ShortRegData33
                0x08008cdc        0x2 Drivers\BSP\Components\otm8009a\otm8009a.o
                0x08008cdc                ShortRegData33
 .rodata.ShortRegData34
                0x08008cde        0x2 Drivers\BSP\Components\otm8009a\otm8009a.o
                0x08008cde                ShortRegData34
 .rodata.ShortRegData35
                0x08008ce0        0x2 Drivers\BSP\Components\otm8009a\otm8009a.o
                0x08008ce0                ShortRegData35
 .rodata.ShortRegData36
                0x08008ce2        0x2 Drivers\BSP\Components\otm8009a\otm8009a.o
                0x08008ce2                ShortRegData36
 .rodata.ShortRegData37
                0x08008ce4        0x2 Drivers\BSP\Components\otm8009a\otm8009a.o
                0x08008ce4                ShortRegData37
 .rodata.ShortRegData38
                0x08008ce6        0x2 Drivers\BSP\Components\otm8009a\otm8009a.o
                0x08008ce6                ShortRegData38
 .rodata.ShortRegData39
                0x08008ce8        0x2 Drivers\BSP\Components\otm8009a\otm8009a.o
                0x08008ce8                ShortRegData39
 .rodata.ShortRegData4
                0x08008cea        0x2 Drivers\BSP\Components\otm8009a\otm8009a.o
                0x08008cea                ShortRegData4
 .rodata.ShortRegData40
                0x08008cec        0x2 Drivers\BSP\Components\otm8009a\otm8009a.o
                0x08008cec                ShortRegData40
 .rodata.ShortRegData41
                0x08008cee        0x2 Drivers\BSP\Components\otm8009a\otm8009a.o
                0x08008cee                ShortRegData41
 .rodata.ShortRegData42
                0x08008cf0        0x2 Drivers\BSP\Components\otm8009a\otm8009a.o
                0x08008cf0                ShortRegData42
 .rodata.ShortRegData43
                0x08008cf2        0x2 Drivers\BSP\Components\otm8009a\otm8009a.o
                0x08008cf2                ShortRegData43
 .rodata.ShortRegData44
                0x08008cf4        0x2 Drivers\BSP\Components\otm8009a\otm8009a.o
                0x08008cf4                ShortRegData44
 .rodata.ShortRegData45
                0x08008cf6        0x2 Drivers\BSP\Components\otm8009a\otm8009a.o
                0x08008cf6                ShortRegData45
 .rodata.ShortRegData46
                0x08008cf8        0x2 Drivers\BSP\Components\otm8009a\otm8009a.o
                0x08008cf8                ShortRegData46
 .rodata.ShortRegData47
                0x08008cfa        0x2 Drivers\BSP\Components\otm8009a\otm8009a.o
                0x08008cfa                ShortRegData47
 .rodata.ShortRegData48
                0x08008cfc        0x2 Drivers\BSP\Components\otm8009a\otm8009a.o
                0x08008cfc                ShortRegData48
 .rodata.ShortRegData49
                0x08008cfe        0x2 Drivers\BSP\Components\otm8009a\otm8009a.o
                0x08008cfe                ShortRegData49
 .rodata.ShortRegData5
                0x08008d00        0x2 Drivers\BSP\Components\otm8009a\otm8009a.o
                0x08008d00                ShortRegData5
 .rodata.ShortRegData50
                0x08008d02        0x2 Drivers\BSP\Components\otm8009a\otm8009a.o
                0x08008d02                ShortRegData50
 .rodata.ShortRegData51
                0x08008d04        0x2 Drivers\BSP\Components\otm8009a\otm8009a.o
                0x08008d04                ShortRegData51
 .rodata.ShortRegData6
                0x08008d06        0x2 Drivers\BSP\Components\otm8009a\otm8009a.o
                0x08008d06                ShortRegData6
 .rodata.ShortRegData7
                0x08008d08        0x2 Drivers\BSP\Components\otm8009a\otm8009a.o
                0x08008d08                ShortRegData7
 .rodata.ShortRegData8
                0x08008d0a        0x2 Drivers\BSP\Components\otm8009a\otm8009a.o
                0x08008d0a                ShortRegData8
 .rodata.ShortRegData9
                0x08008d0c        0x2 Drivers\BSP\Components\otm8009a\otm8009a.o
                0x08008d0c                ShortRegData9
 .rodata.lcdRegData1
                0x08008d0e        0x4 Drivers\BSP\Components\otm8009a\otm8009a.o
                0x08008d0e                lcdRegData1
 .rodata.lcdRegData10
                0x08008d12        0xb Drivers\BSP\Components\otm8009a\otm8009a.o
                0x08008d12                lcdRegData10
 .rodata.lcdRegData11
                0x08008d1d        0xb Drivers\BSP\Components\otm8009a\otm8009a.o
                0x08008d1d                lcdRegData11
 .rodata.lcdRegData12
                0x08008d28       0x10 Drivers\BSP\Components\otm8009a\otm8009a.o
                0x08008d28                lcdRegData12
 .rodata.lcdRegData13
                0x08008d38       0x10 Drivers\BSP\Components\otm8009a\otm8009a.o
                0x08008d38                lcdRegData13
 .rodata.lcdRegData14
                0x08008d48        0xb Drivers\BSP\Components\otm8009a\otm8009a.o
                0x08008d48                lcdRegData14
 .rodata.lcdRegData15
                0x08008d53       0x10 Drivers\BSP\Components\otm8009a\otm8009a.o
                0x08008d53                lcdRegData15
 .rodata.lcdRegData16
                0x08008d63       0x10 Drivers\BSP\Components\otm8009a\otm8009a.o
                0x08008d63                lcdRegData16
 .rodata.lcdRegData17
                0x08008d73        0xb Drivers\BSP\Components\otm8009a\otm8009a.o
                0x08008d73                lcdRegData17
 .rodata.lcdRegData18
                0x08008d7e        0xb Drivers\BSP\Components\otm8009a\otm8009a.o
                0x08008d7e                lcdRegData18
 .rodata.lcdRegData19
                0x08008d89        0xb Drivers\BSP\Components\otm8009a\otm8009a.o
                0x08008d89                lcdRegData19
 .rodata.lcdRegData2
                0x08008d94        0x3 Drivers\BSP\Components\otm8009a\otm8009a.o
                0x08008d94                lcdRegData2
 .rodata.lcdRegData20
                0x08008d97       0x10 Drivers\BSP\Components\otm8009a\otm8009a.o
                0x08008d97                lcdRegData20
 .rodata.lcdRegData21
                0x08008da7       0x10 Drivers\BSP\Components\otm8009a\otm8009a.o
                0x08008da7                lcdRegData21
 .rodata.lcdRegData22
                0x08008db7        0xb Drivers\BSP\Components\otm8009a\otm8009a.o
                0x08008db7                lcdRegData22
 .rodata.lcdRegData23
                0x08008dc2       0x10 Drivers\BSP\Components\otm8009a\otm8009a.o
                0x08008dc2                lcdRegData23
 .rodata.lcdRegData24
                0x08008dd2       0x10 Drivers\BSP\Components\otm8009a\otm8009a.o
                0x08008dd2                lcdRegData24
 .rodata.lcdRegData25
                0x08008de2        0x4 Drivers\BSP\Components\otm8009a\otm8009a.o
                0x08008de2                lcdRegData25
 .rodata.lcdRegData27
                0x08008de6        0x5 Drivers\BSP\Components\otm8009a\otm8009a.o
                0x08008de6                lcdRegData27
 .rodata.lcdRegData28
                0x08008deb        0x5 Drivers\BSP\Components\otm8009a\otm8009a.o
                0x08008deb                lcdRegData28
 .rodata.lcdRegData3
                0x08008df0       0x11 Drivers\BSP\Components\otm8009a\otm8009a.o
                0x08008df0                lcdRegData3
 .rodata.lcdRegData4
                0x08008e01       0x11 Drivers\BSP\Components\otm8009a\otm8009a.o
                0x08008e01                lcdRegData4
 .rodata.lcdRegData5
                0x08008e12        0x3 Drivers\BSP\Components\otm8009a\otm8009a.o
                0x08008e12                lcdRegData5
 .rodata.lcdRegData6
                0x08008e15        0x3 Drivers\BSP\Components\otm8009a\otm8009a.o
                0x08008e15                lcdRegData6
 .rodata.lcdRegData7
                0x08008e18        0x7 Drivers\BSP\Components\otm8009a\otm8009a.o
                0x08008e18                lcdRegData7
 .rodata.lcdRegData8
                0x08008e1f        0xf Drivers\BSP\Components\otm8009a\otm8009a.o
                0x08008e1f                lcdRegData8
 .rodata.lcdRegData9
                0x08008e2e        0xf Drivers\BSP\Components\otm8009a\otm8009a.o
                0x08008e2e                lcdRegData9
 .rodata.Font16_Table
                0x08008e3d      0xbe0 Drivers\BSP\STM32F769I-Discovery\stm32f769i_discovery_lcd.o
                0x08008e3d                Font16_Table
 .rodata.Font24_Table
                0x08009a1d     0x1ab8 Drivers\BSP\STM32F769I-Discovery\stm32f769i_discovery_lcd.o
                0x08009a1d                Font24_Table
 .rodata.flagBitshiftOffset.9602
                0x0800b4d5        0x8 Drivers\STM32F7xx_HAL_Driver\Src\stm32f7xx_hal_dma.o
 .rodata.Display_Readings.str1.1
                0x0800b4dd       0x82 Src\lcd.o
 .rodata.Get_Touch.str1.1
                0x0800b55f        0xd Src\lcd.o
 .rodata.LCD_Config.str1.1
                0x0800b56c       0x3d Src\lcd.o
 .rodata.AHBPrescTable
                0x0800b5a9       0x10 Src\system_stm32f7xx.o
                0x0800b5a9                AHBPrescTable
 .rodata._svfprintf_r.str1.1
                0x0800b5b9       0x34 c:/program files (x86)/atollic/truestudio for stm32 9.3.0/armtools/bin/../lib/gcc/arm-atollic-eabi/6.3.1/../../../../arm-atollic-eabi/lib/armv7e-m/fpu/fpv5-d16\libc.a(lib_a-svfprintf.o)
 .rodata.blanks.8359
                0x0800b5ed       0x10 c:/program files (x86)/atollic/truestudio for stm32 9.3.0/armtools/bin/../lib/gcc/arm-atollic-eabi/6.3.1/../../../../arm-atollic-eabi/lib/armv7e-m/fpu/fpv5-d16\libc.a(lib_a-svfprintf.o)
 .rodata.zeroes.8360
                0x0800b5fd       0x10 c:/program files (x86)/atollic/truestudio for stm32 9.3.0/armtools/bin/../lib/gcc/arm-atollic-eabi/6.3.1/../../../../arm-atollic-eabi/lib/armv7e-m/fpu/fpv5-d16\libc.a(lib_a-svfprintf.o)
 .rodata._dtoa_r.str1.1
                0x0800b60d        0xd c:/program files (x86)/atollic/truestudio for stm32 9.3.0/armtools/bin/../lib/gcc/arm-atollic-eabi/6.3.1/../../../../arm-atollic-eabi/lib/armv7e-m/fpu/fpv5-d16\libc.a(lib_a-dtoa.o)
                                  0xf (size before relaxing)
 *fill*         0x0800b61a        0x6 
 .rodata.__mprec_bigtens
                0x0800b620       0x28 c:/program files (x86)/atollic/truestudio for stm32 9.3.0/armtools/bin/../lib/gcc/arm-atollic-eabi/6.3.1/../../../../arm-atollic-eabi/lib/armv7e-m/fpu/fpv5-d16\libc.a(lib_a-mprec.o)
                0x0800b620                __mprec_bigtens
 .rodata.__mprec_tens
                0x0800b648       0xc8 c:/program files (x86)/atollic/truestudio for stm32 9.3.0/armtools/bin/../lib/gcc/arm-atollic-eabi/6.3.1/../../../../arm-atollic-eabi/lib/armv7e-m/fpu/fpv5-d16\libc.a(lib_a-mprec.o)
                0x0800b648                __mprec_tens
 .rodata.p05.7196
                0x0800b710        0xc c:/program files (x86)/atollic/truestudio for stm32 9.3.0/armtools/bin/../lib/gcc/arm-atollic-eabi/6.3.1/../../../../arm-atollic-eabi/lib/armv7e-m/fpu/fpv5-d16\libc.a(lib_a-mprec.o)
 .rodata._setlocale_r.str1.1
                0x0800b71c        0x8 c:/program files (x86)/atollic/truestudio for stm32 9.3.0/armtools/bin/../lib/gcc/arm-atollic-eabi/6.3.1/../../../../arm-atollic-eabi/lib/armv7e-m/fpu/fpv5-d16\libc.a(lib_a-locale.o)
                                  0x9 (size before relaxing)
 .rodata.str1.1
                0x0800b724        0x2 c:/program files (x86)/atollic/truestudio for stm32 9.3.0/armtools/bin/../lib/gcc/arm-atollic-eabi/6.3.1/../../../../arm-atollic-eabi/lib/armv7e-m/fpu/fpv5-d16\libc.a(lib_a-locale.o)
 .rodata._ctype_
                0x0800b726      0x101 c:/program files (x86)/atollic/truestudio for stm32 9.3.0/armtools/bin/../lib/gcc/arm-atollic-eabi/6.3.1/../../../../arm-atollic-eabi/lib/armv7e-m/fpu/fpv5-d16\libc.a(lib_a-ctype_.o)
                0x0800b726                _ctype_
                0x0800b828                . = ALIGN (0x4)
 *fill*         0x0800b827        0x1 

.ARM.extab
 *(.ARM.extab* .gnu.linkonce.armextab.*)

.ARM            0x0800b828        0x8
                0x0800b828                __exidx_start = .
 *(.ARM.exidx*)
 .ARM.exidx     0x0800b828        0x8 c:/program files (x86)/atollic/truestudio for stm32 9.3.0/armtools/bin/../lib/gcc/arm-atollic-eabi/6.3.1/armv7e-m/fpu/fpv5-d16\libgcc.a(_udivmoddi4.o)
                0x0800b830                __exidx_end = .

.rel.dyn        0x0800b830        0x0
 .rel.iplt      0x0800b830        0x0 c:/program files (x86)/atollic/truestudio for stm32 9.3.0/armtools/bin/../lib/gcc/arm-atollic-eabi/6.3.1/armv7e-m/fpu/fpv5-d16/crtbegin.o

.preinit_array  0x0800b830        0x0
                0x0800b830                PROVIDE (__preinit_array_start, .)
 *(.preinit_array*)
                0x0800b830                PROVIDE (__preinit_array_end, .)

.init_array     0x0800b830        0x4
                0x0800b830                PROVIDE (__init_array_start, .)
 *(SORT(.init_array.*))
 *(.init_array*)
 .init_array    0x0800b830        0x4 c:/program files (x86)/atollic/truestudio for stm32 9.3.0/armtools/bin/../lib/gcc/arm-atollic-eabi/6.3.1/armv7e-m/fpu/fpv5-d16/crtbegin.o
                0x0800b834                PROVIDE (__init_array_end, .)

.fini_array     0x0800b834        0x4
                [!provide]                PROVIDE (__fini_array_start, .)
 *(SORT(.fini_array.*))
 *(.fini_array*)
 .fini_array    0x0800b834        0x4 c:/program files (x86)/atollic/truestudio for stm32 9.3.0/armtools/bin/../lib/gcc/arm-atollic-eabi/6.3.1/armv7e-m/fpu/fpv5-d16/crtbegin.o
                [!provide]                PROVIDE (__fini_array_end, .)
                0x0800b838                _sidata = LOADADDR (.data)

.data           0x20000000      0x6c0 load address 0x0800b838
                0x20000000                . = ALIGN (0x4)
                0x20000000                _sdata = .
 *(.data)
 *(.data*)
 .data.ft6x06_ts_drv
                0x20000000       0x28 Drivers\BSP\Components\ft6x06\ft6x06.o
                0x20000000                ft6x06_ts_drv
 .data.Font16   0x20000028        0x8 Drivers\BSP\STM32F769I-Discovery\stm32f769i_discovery_lcd.o
                0x20000028                Font16
 .data.Font24   0x20000030        0x8 Drivers\BSP\STM32F769I-Discovery\stm32f769i_discovery_lcd.o
                0x20000030                Font24
 .data.lcd_x_size
                0x20000038        0x4 Drivers\BSP\STM32F769I-Discovery\stm32f769i_discovery_lcd.o
                0x20000038                lcd_x_size
 .data.lcd_y_size
                0x2000003c        0x4 Drivers\BSP\STM32F769I-Discovery\stm32f769i_discovery_lcd.o
                0x2000003c                lcd_y_size
 .data.sdramstatus.9518
                0x20000040        0x1 Drivers\BSP\STM32F769I-Discovery\stm32f769i_discovery_sdram.o
 .data.uwTickFreq
                0x20000041        0x1 Drivers\STM32F7xx_HAL_Driver\Src\stm32f7xx_hal.o
                0x20000041                uwTickFreq
 *fill*         0x20000042        0x2 
 .data.uwTickPrio
                0x20000044        0x4 Drivers\STM32F7xx_HAL_Driver\Src\stm32f7xx_hal.o
                0x20000044                uwTickPrio
 .data.Duty_Cycle_Current
                0x20000048        0x2 Src\boost_converter.o
                0x20000048                Duty_Cycle_Current
 .data.Duty_Cycle_Previous
                0x2000004a        0x2 Src\boost_converter.o
                0x2000004a                Duty_Cycle_Previous
 .data.SystemCoreClock
                0x2000004c        0x4 Src\system_stm32f7xx.o
                0x2000004c                SystemCoreClock
 .data._impure_ptr
                0x20000050        0x4 c:/program files (x86)/atollic/truestudio for stm32 9.3.0/armtools/bin/../lib/gcc/arm-atollic-eabi/6.3.1/../../../../arm-atollic-eabi/lib/armv7e-m/fpu/fpv5-d16\libc.a(lib_a-impure.o)
                0x20000050                _impure_ptr
 .data.impure_data
                0x20000054       0xf0 c:/program files (x86)/atollic/truestudio for stm32 9.3.0/armtools/bin/../lib/gcc/arm-atollic-eabi/6.3.1/../../../../arm-atollic-eabi/lib/armv7e-m/fpu/fpv5-d16\libc.a(lib_a-impure.o)
 .data.__malloc_av_
                0x20000144      0x408 c:/program files (x86)/atollic/truestudio for stm32 9.3.0/armtools/bin/../lib/gcc/arm-atollic-eabi/6.3.1/../../../../arm-atollic-eabi/lib/armv7e-m/fpu/fpv5-d16\libc.a(lib_a-mallocr.o)
                0x20000144                __malloc_av_
 .data.__malloc_sbrk_base
                0x2000054c        0x4 c:/program files (x86)/atollic/truestudio for stm32 9.3.0/armtools/bin/../lib/gcc/arm-atollic-eabi/6.3.1/../../../../arm-atollic-eabi/lib/armv7e-m/fpu/fpv5-d16\libc.a(lib_a-mallocr.o)
                0x2000054c                __malloc_sbrk_base
 .data.__malloc_trim_threshold
                0x20000550        0x4 c:/program files (x86)/atollic/truestudio for stm32 9.3.0/armtools/bin/../lib/gcc/arm-atollic-eabi/6.3.1/../../../../arm-atollic-eabi/lib/armv7e-m/fpu/fpv5-d16\libc.a(lib_a-mallocr.o)
                0x20000550                __malloc_trim_threshold
 .data.__global_locale
                0x20000554      0x16c c:/program files (x86)/atollic/truestudio for stm32 9.3.0/armtools/bin/../lib/gcc/arm-atollic-eabi/6.3.1/../../../../arm-atollic-eabi/lib/armv7e-m/fpu/fpv5-d16\libc.a(lib_a-locale.o)
                0x20000554                __global_locale
                0x200006c0                . = ALIGN (0x4)
                0x200006c0                _edata = .

.igot.plt       0x200006c0        0x0 load address 0x0800bef8
 .igot.plt      0x200006c0        0x0 c:/program files (x86)/atollic/truestudio for stm32 9.3.0/armtools/bin/../lib/gcc/arm-atollic-eabi/6.3.1/armv7e-m/fpu/fpv5-d16/crtbegin.o
                0x200006c0                . = ALIGN (0x4)

.bss            0x200006c0      0x69c load address 0x0800bef8
                0x200006c0                _sbss = .
                0x200006c0                __bss_start__ = _sbss
 *(.bss)
 .bss           0x200006c0       0x1c c:/program files (x86)/atollic/truestudio for stm32 9.3.0/armtools/bin/../lib/gcc/arm-atollic-eabi/6.3.1/armv7e-m/fpu/fpv5-d16/crtbegin.o
 *(.bss*)
 .bss.ft6x06    0x200006dc        0x2 Drivers\BSP\Components\ft6x06\ft6x06.o
                0x200006dc                ft6x06
 .bss.ft6x06_handle
                0x200006de        0x3 Drivers\BSP\Components\ft6x06\ft6x06.o
 *fill*         0x200006e1        0x3 
 .bss.hI2cAudioHandler
                0x200006e4       0x4c Drivers\BSP\STM32F769I-Discovery\stm32f769i_discovery.o
 .bss.ActiveLayer
                0x20000730        0x4 Drivers\BSP\STM32F769I-Discovery\stm32f769i_discovery_lcd.o
 .bss.DrawProp  0x20000734       0x18 Drivers\BSP\STM32F769I-Discovery\stm32f769i_discovery_lcd.o
 .bss.PeriphClkInitStruct.10234
                0x2000074c       0x90 Drivers\BSP\STM32F769I-Discovery\stm32f769i_discovery_lcd.o
 .bss.hdsivideo_handle
                0x200007dc       0x6c Drivers\BSP\STM32F769I-Discovery\stm32f769i_discovery_lcd.o
 .bss.Command   0x20000848       0x10 Drivers\BSP\STM32F769I-Discovery\stm32f769i_discovery_sdram.o
 .bss.Timing    0x20000858       0x1c Drivers\BSP\STM32F769I-Discovery\stm32f769i_discovery_sdram.o
 .bss.dma_handle.9554
                0x20000874       0x60 Drivers\BSP\STM32F769I-Discovery\stm32f769i_discovery_sdram.o
 .bss.I2C_Address
                0x200008d4        0x1 Drivers\BSP\STM32F769I-Discovery\stm32f769i_discovery_ts.o
                0x200008d4                I2C_Address
 *fill*         0x200008d5        0x3 
 .bss._x.10351  0x200008d8        0x8 Drivers\BSP\STM32F769I-Discovery\stm32f769i_discovery_ts.o
 .bss._y.10352  0x200008e0        0x8 Drivers\BSP\STM32F769I-Discovery\stm32f769i_discovery_ts.o
 .bss.ts_driver
                0x200008e8        0x4 Drivers\BSP\STM32F769I-Discovery\stm32f769i_discovery_ts.o
 .bss.ts_orientation
                0x200008ec        0x1 Drivers\BSP\STM32F769I-Discovery\stm32f769i_discovery_ts.o
 *fill*         0x200008ed        0x3 
 .bss.P_IN_Previous
                0x200008f0        0x4 Src\boost_converter.o
                0x200008f0                P_IN_Previous
 .bss.LCD_String_Buffer
                0x200008f4       0x32 Src\lcd.o
 .bss.TS_State  0x20000926        0xa Src\lcd.o
 .bss.heap_end.7031
                0x20000930        0x4 Src\syscalls.o
 .bss.StepCCW   0x20000934        0x2 Src\tim.o
                0x20000934                StepCCW
 .bss.StepCW    0x20000936        0x2 Src\tim.o
                0x20000936                StepCW
 .bss.__malloc_current_mallinfo
                0x20000938       0x28 c:/program files (x86)/atollic/truestudio for stm32 9.3.0/armtools/bin/../lib/gcc/arm-atollic-eabi/6.3.1/../../../../arm-atollic-eabi/lib/armv7e-m/fpu/fpv5-d16\libc.a(lib_a-mallocr.o)
                0x20000938                __malloc_current_mallinfo
 .bss.__malloc_max_sbrked_mem
                0x20000960        0x4 c:/program files (x86)/atollic/truestudio for stm32 9.3.0/armtools/bin/../lib/gcc/arm-atollic-eabi/6.3.1/../../../../arm-atollic-eabi/lib/armv7e-m/fpu/fpv5-d16\libc.a(lib_a-mallocr.o)
                0x20000960                __malloc_max_sbrked_mem
 .bss.__malloc_max_total_mem
                0x20000964        0x4 c:/program files (x86)/atollic/truestudio for stm32 9.3.0/armtools/bin/../lib/gcc/arm-atollic-eabi/6.3.1/../../../../arm-atollic-eabi/lib/armv7e-m/fpu/fpv5-d16\libc.a(lib_a-mallocr.o)
                0x20000964                __malloc_max_total_mem
 .bss.__malloc_top_pad
                0x20000968        0x4 c:/program files (x86)/atollic/truestudio for stm32 9.3.0/armtools/bin/../lib/gcc/arm-atollic-eabi/6.3.1/../../../../arm-atollic-eabi/lib/armv7e-m/fpu/fpv5-d16\libc.a(lib_a-mallocr.o)
                0x20000968                __malloc_top_pad
 *(COMMON)
 COMMON         0x2000096c      0x11c Drivers\BSP\STM32F769I-Discovery\stm32f769i_discovery_lcd.o
                0x2000096c                hdma2d_discovery
                0x200009c4                hltdc_discovery
                0x20000a6c                hdsi_discovery
 COMMON         0x20000a88       0x34 Drivers\BSP\STM32F769I-Discovery\stm32f769i_discovery_sdram.o
                0x20000a88                sdramHandle
 COMMON         0x20000abc        0x4 Drivers\STM32F7xx_HAL_Driver\Src\stm32f7xx_hal.o
                0x20000abc                uwTick
 COMMON         0x20000ac0       0xa8 Src\adc.o
                0x20000ac0                hadc1
                0x20000b08                hdma_adc1
 COMMON         0x20000b68        0x6 Src\lcd.o
                0x20000b68                x
                0x20000b6a                y
                0x20000b6c                Turbine_Status
                0x20000b6d                Turbine_Direction
 *fill*         0x20000b6e        0x2 
 COMMON         0x20000b70       0xd4 Src\main.o
                0x20000b70                Unfiltered_ADC_Readings
                0x20000bf0                Position
                0x20000bf4                Filtered_ADC_Readings
                0x20000c04                VDDA
                0x20000c08                V_LOAD
                0x20000c0c                LCD_String_Buffer
                0x20000c40                I_LOAD
 COMMON         0x20000c44        0x8 Src\stepper.o
                0x20000c44                PD
                0x20000c48                Previous_Position
 COMMON         0x20000c4c      0x100 Src\tim.o
                0x20000c4c                htim8
                0x20000c8c                htim10
                0x20000ccc                htim11
                0x20000d0c                htim7
 COMMON         0x20000d4c        0x9 c:/program files (x86)/atollic/truestudio for stm32 9.3.0/armtools/bin/../lib/gcc/arm-atollic-eabi/6.3.1/../../../../arm-atollic-eabi/lib/armv7e-m/fpu/fpv5-d16\libc.a(lib_a-lock.o)
                0x20000d4c                __lock___atexit_recursive_mutex
                0x20000d4d                __lock___arc4random_mutex
                0x20000d4e                __lock___env_recursive_mutex
                0x20000d4f                __lock___sinit_recursive_mutex
                0x20000d50                __lock___malloc_recursive_mutex
                0x20000d51                __lock___at_quick_exit_mutex
                0x20000d52                __lock___dd_hash_mutex
                0x20000d53                __lock___tz_mutex
                0x20000d54                __lock___sfp_recursive_mutex
 *fill*         0x20000d55        0x3 
 COMMON         0x20000d58        0x4 c:/program files (x86)/atollic/truestudio for stm32 9.3.0/armtools/bin/../lib/gcc/arm-atollic-eabi/6.3.1/../../../../arm-atollic-eabi/lib/armv7e-m/fpu/fpv5-d16\libc.a(lib_a-reent.o)
                0x20000d58                errno
                0x20000d5c                . = ALIGN (0x4)
                0x20000d5c                _ebss = .
                0x20000d5c                __bss_end__ = _ebss

._user_heap_stack
                0x20000d5c      0x600 load address 0x0800bef8
                0x20000d5c                . = ALIGN (0x4)
                0x20000d5c                PROVIDE (end, .)
                [!provide]                PROVIDE (_end, .)
                0x20000f5c                . = (. + _Min_Heap_Size)
 *fill*         0x20000d5c      0x200 
                0x2000135c                . = (. + _Min_Stack_Size)
 *fill*         0x20000f5c      0x400 
                0x2000135c                . = ALIGN (0x4)

/DISCARD/
 libc.a(*)
 libm.a(*)
 libgcc.a(*)

.ARM.attributes
                0x00000000       0x2e
 *(.ARM.attributes)
 .ARM.attributes
                0x00000000       0x20 c:/program files (x86)/atollic/truestudio for stm32 9.3.0/armtools/bin/../lib/gcc/arm-atollic-eabi/6.3.1/armv7e-m/fpu/fpv5-d16/crti.o
 .ARM.attributes
                0x00000020       0x32 c:/program files (x86)/atollic/truestudio for stm32 9.3.0/armtools/bin/../lib/gcc/arm-atollic-eabi/6.3.1/armv7e-m/fpu/fpv5-d16/crtbegin.o
 .ARM.attributes
                0x00000052       0x37 Drivers\BSP\Components\ft6x06\ft6x06.o
 .ARM.attributes
                0x00000089       0x37 Drivers\BSP\Components\otm8009a\otm8009a.o
 .ARM.attributes
                0x000000c0       0x37 Drivers\BSP\STM32F769I-Discovery\stm32f769i_discovery.o
 .ARM.attributes
                0x000000f7       0x37 Drivers\BSP\STM32F769I-Discovery\stm32f769i_discovery_lcd.o
 .ARM.attributes
                0x0000012e       0x37 Drivers\BSP\STM32F769I-Discovery\stm32f769i_discovery_sdram.o
 .ARM.attributes
                0x00000165       0x37 Drivers\BSP\STM32F769I-Discovery\stm32f769i_discovery_ts.o
 .ARM.attributes
                0x0000019c       0x37 Drivers\STM32F7xx_HAL_Driver\Src\stm32f7xx_hal.o
 .ARM.attributes
                0x000001d3       0x37 Drivers\STM32F7xx_HAL_Driver\Src\stm32f7xx_hal_adc.o
 .ARM.attributes
                0x0000020a       0x37 Drivers\STM32F7xx_HAL_Driver\Src\stm32f7xx_hal_cortex.o
 .ARM.attributes
                0x00000241       0x37 Drivers\STM32F7xx_HAL_Driver\Src\stm32f7xx_hal_dma.o
 .ARM.attributes
                0x00000278       0x37 Drivers\STM32F7xx_HAL_Driver\Src\stm32f7xx_hal_dma2d.o
 .ARM.attributes
                0x000002af       0x37 Drivers\STM32F7xx_HAL_Driver\Src\stm32f7xx_hal_dsi.o
 .ARM.attributes
                0x000002e6       0x37 Drivers\STM32F7xx_HAL_Driver\Src\stm32f7xx_hal_gpio.o
 .ARM.attributes
                0x0000031d       0x37 Drivers\STM32F7xx_HAL_Driver\Src\stm32f7xx_hal_i2c.o
 .ARM.attributes
                0x00000354       0x37 Drivers\STM32F7xx_HAL_Driver\Src\stm32f7xx_hal_ltdc.o
 .ARM.attributes
                0x0000038b       0x37 Drivers\STM32F7xx_HAL_Driver\Src\stm32f7xx_hal_ltdc_ex.o
 .ARM.attributes
                0x000003c2       0x37 Drivers\STM32F7xx_HAL_Driver\Src\stm32f7xx_hal_pwr_ex.o
 .ARM.attributes
                0x000003f9       0x37 Drivers\STM32F7xx_HAL_Driver\Src\stm32f7xx_hal_rcc.o
 .ARM.attributes
                0x00000430       0x37 Drivers\STM32F7xx_HAL_Driver\Src\stm32f7xx_hal_rcc_ex.o
 .ARM.attributes
                0x00000467       0x37 Drivers\STM32F7xx_HAL_Driver\Src\stm32f7xx_hal_sdram.o
 .ARM.attributes
                0x0000049e       0x37 Drivers\STM32F7xx_HAL_Driver\Src\stm32f7xx_hal_tim.o
 .ARM.attributes
                0x000004d5       0x37 Drivers\STM32F7xx_HAL_Driver\Src\stm32f7xx_hal_tim_ex.o
 .ARM.attributes
                0x0000050c       0x37 Drivers\STM32F7xx_HAL_Driver\Src\stm32f7xx_ll_fmc.o
 .ARM.attributes
                0x00000543       0x37 Src\adc.o
 .ARM.attributes
                0x0000057a       0x37 Src\boost_converter.o
 .ARM.attributes
                0x000005b1       0x37 Src\dma.o
 .ARM.attributes
                0x000005e8       0x37 Src\gpio.o
 .ARM.attributes
                0x0000061f       0x37 Src\lcd.o
 .ARM.attributes
                0x00000656       0x37 Src\main.o
 .ARM.attributes
                0x0000068d       0x37 Src\stepper.o
 .ARM.attributes
                0x000006c4       0x37 Src\stm32f7xx_hal_msp.o
 .ARM.attributes
                0x000006fb       0x37 Src\stm32f7xx_it.o
 .ARM.attributes
                0x00000732       0x37 Src\syscalls.o
 .ARM.attributes
                0x00000769       0x37 Src\system_stm32f7xx.o
 .ARM.attributes
                0x000007a0       0x37 Src\tim.o
 .ARM.attributes
                0x000007d7       0x21 startup\startup_stm32f769xx.o
 .ARM.attributes
                0x000007f8       0x32 c:/program files (x86)/atollic/truestudio for stm32 9.3.0/armtools/bin/../lib/gcc/arm-atollic-eabi/6.3.1/../../../../arm-atollic-eabi/lib/armv7e-m/fpu/fpv5-d16\libc.a(lib_a-errno.o)
 .ARM.attributes
                0x0000082a       0x32 c:/program files (x86)/atollic/truestudio for stm32 9.3.0/armtools/bin/../lib/gcc/arm-atollic-eabi/6.3.1/../../../../arm-atollic-eabi/lib/armv7e-m/fpu/fpv5-d16\libc.a(lib_a-impure.o)
 .ARM.attributes
                0x0000085c       0x32 c:/program files (x86)/atollic/truestudio for stm32 9.3.0/armtools/bin/../lib/gcc/arm-atollic-eabi/6.3.1/../../../../arm-atollic-eabi/lib/armv7e-m/fpu/fpv5-d16\libc.a(lib_a-init.o)
 .ARM.attributes
                0x0000088e       0x32 c:/program files (x86)/atollic/truestudio for stm32 9.3.0/armtools/bin/../lib/gcc/arm-atollic-eabi/6.3.1/../../../../arm-atollic-eabi/lib/armv7e-m/fpu/fpv5-d16\libc.a(lib_a-memset.o)
 .ARM.attributes
                0x000008c0       0x32 c:/program files (x86)/atollic/truestudio for stm32 9.3.0/armtools/bin/../lib/gcc/arm-atollic-eabi/6.3.1/../../../../arm-atollic-eabi/lib/armv7e-m/fpu/fpv5-d16\libc.a(lib_a-sprintf.o)
 .ARM.attributes
                0x000008f2       0x32 c:/program files (x86)/atollic/truestudio for stm32 9.3.0/armtools/bin/../lib/gcc/arm-atollic-eabi/6.3.1/../../../../arm-atollic-eabi/lib/armv7e-m/fpu/fpv5-d16\libc.a(lib_a-svfprintf.o)
 .ARM.attributes
                0x00000924       0x32 c:/program files (x86)/atollic/truestudio for stm32 9.3.0/armtools/bin/../lib/gcc/arm-atollic-eabi/6.3.1/../../../../arm-atollic-eabi/lib/armv7e-m/fpu/fpv5-d16\libc.a(lib_a-dtoa.o)
 .ARM.attributes
                0x00000956       0x32 c:/program files (x86)/atollic/truestudio for stm32 9.3.0/armtools/bin/../lib/gcc/arm-atollic-eabi/6.3.1/../../../../arm-atollic-eabi/lib/armv7e-m/fpu/fpv5-d16\libc.a(lib_a-localeconv.o)
 .ARM.attributes
                0x00000988       0x32 c:/program files (x86)/atollic/truestudio for stm32 9.3.0/armtools/bin/../lib/gcc/arm-atollic-eabi/6.3.1/../../../../arm-atollic-eabi/lib/armv7e-m/fpu/fpv5-d16\libc.a(lib_a-malloc.o)
 .ARM.attributes
                0x000009ba       0x32 c:/program files (x86)/atollic/truestudio for stm32 9.3.0/armtools/bin/../lib/gcc/arm-atollic-eabi/6.3.1/../../../../arm-atollic-eabi/lib/armv7e-m/fpu/fpv5-d16\libc.a(lib_a-mallocr.o)
 .ARM.attributes
                0x000009ec       0x1e c:/program files (x86)/atollic/truestudio for stm32 9.3.0/armtools/bin/../lib/gcc/arm-atollic-eabi/6.3.1/../../../../arm-atollic-eabi/lib/armv7e-m/fpu/fpv5-d16\libc.a(lib_a-memchr.o)
 .ARM.attributes
                0x00000a0a       0x32 c:/program files (x86)/atollic/truestudio for stm32 9.3.0/armtools/bin/../lib/gcc/arm-atollic-eabi/6.3.1/../../../../arm-atollic-eabi/lib/armv7e-m/fpu/fpv5-d16\libc.a(lib_a-memcpy-stub.o)
 .ARM.attributes
                0x00000a3c       0x32 c:/program files (x86)/atollic/truestudio for stm32 9.3.0/armtools/bin/../lib/gcc/arm-atollic-eabi/6.3.1/../../../../arm-atollic-eabi/lib/armv7e-m/fpu/fpv5-d16\libc.a(lib_a-mlock.o)
 .ARM.attributes
                0x00000a6e       0x32 c:/program files (x86)/atollic/truestudio for stm32 9.3.0/armtools/bin/../lib/gcc/arm-atollic-eabi/6.3.1/../../../../arm-atollic-eabi/lib/armv7e-m/fpu/fpv5-d16\libc.a(lib_a-mprec.o)
 .ARM.attributes
                0x00000aa0       0x32 c:/program files (x86)/atollic/truestudio for stm32 9.3.0/armtools/bin/../lib/gcc/arm-atollic-eabi/6.3.1/../../../../arm-atollic-eabi/lib/armv7e-m/fpu/fpv5-d16\libc.a(lib_a-sbrkr.o)
 .ARM.attributes
                0x00000ad2       0x19 c:/program files (x86)/atollic/truestudio for stm32 9.3.0/armtools/bin/../lib/gcc/arm-atollic-eabi/6.3.1/../../../../arm-atollic-eabi/lib/armv7e-m/fpu/fpv5-d16\libc.a(lib_a-strlen.o)
 .ARM.attributes
                0x00000aeb       0x32 c:/program files (x86)/atollic/truestudio for stm32 9.3.0/armtools/bin/../lib/gcc/arm-atollic-eabi/6.3.1/../../../../arm-atollic-eabi/lib/armv7e-m/fpu/fpv5-d16\libc.a(lib_a-svfiprintf.o)
 .ARM.attributes
                0x00000b1d       0x32 c:/program files (x86)/atollic/truestudio for stm32 9.3.0/armtools/bin/../lib/gcc/arm-atollic-eabi/6.3.1/../../../../arm-atollic-eabi/lib/armv7e-m/fpu/fpv5-d16\libc.a(lib_a-callocr.o)
 .ARM.attributes
                0x00000b4f       0x32 c:/program files (x86)/atollic/truestudio for stm32 9.3.0/armtools/bin/../lib/gcc/arm-atollic-eabi/6.3.1/../../../../arm-atollic-eabi/lib/armv7e-m/fpu/fpv5-d16\libc.a(lib_a-freer.o)
 .ARM.attributes
                0x00000b81       0x32 c:/program files (x86)/atollic/truestudio for stm32 9.3.0/armtools/bin/../lib/gcc/arm-atollic-eabi/6.3.1/../../../../arm-atollic-eabi/lib/armv7e-m/fpu/fpv5-d16\libc.a(lib_a-locale.o)
 .ARM.attributes
                0x00000bb3       0x32 c:/program files (x86)/atollic/truestudio for stm32 9.3.0/armtools/bin/../lib/gcc/arm-atollic-eabi/6.3.1/../../../../arm-atollic-eabi/lib/armv7e-m/fpu/fpv5-d16\libc.a(lib_a-lock.o)
 .ARM.attributes
                0x00000be5       0x32 c:/program files (x86)/atollic/truestudio for stm32 9.3.0/armtools/bin/../lib/gcc/arm-atollic-eabi/6.3.1/../../../../arm-atollic-eabi/lib/armv7e-m/fpu/fpv5-d16\libc.a(lib_a-mbtowc_r.o)
 .ARM.attributes
                0x00000c17       0x32 c:/program files (x86)/atollic/truestudio for stm32 9.3.0/armtools/bin/../lib/gcc/arm-atollic-eabi/6.3.1/../../../../arm-atollic-eabi/lib/armv7e-m/fpu/fpv5-d16\libc.a(lib_a-memmove.o)
 .ARM.attributes
                0x00000c49       0x32 c:/program files (x86)/atollic/truestudio for stm32 9.3.0/armtools/bin/../lib/gcc/arm-atollic-eabi/6.3.1/../../../../arm-atollic-eabi/lib/armv7e-m/fpu/fpv5-d16\libc.a(lib_a-reallocr.o)
 .ARM.attributes
                0x00000c7b       0x32 c:/program files (x86)/atollic/truestudio for stm32 9.3.0/armtools/bin/../lib/gcc/arm-atollic-eabi/6.3.1/../../../../arm-atollic-eabi/lib/armv7e-m/fpu/fpv5-d16\libc.a(lib_a-reent.o)
 .ARM.attributes
                0x00000cad       0x32 c:/program files (x86)/atollic/truestudio for stm32 9.3.0/armtools/bin/../lib/gcc/arm-atollic-eabi/6.3.1/../../../../arm-atollic-eabi/lib/armv7e-m/fpu/fpv5-d16\libc.a(lib_a-wctomb_r.o)
 .ARM.attributes
                0x00000cdf       0x32 c:/program files (x86)/atollic/truestudio for stm32 9.3.0/armtools/bin/../lib/gcc/arm-atollic-eabi/6.3.1/../../../../arm-atollic-eabi/lib/armv7e-m/fpu/fpv5-d16\libc.a(lib_a-ctype_.o)